Seviye kaynagi: magicma_ham.jsonl · en yeni tarama: 2026-09-01 · sembol: 758
Kripto: 445 · Yahoo (BIST/ABD/endeks/forex): 306 · Metal: 5 · Kaynaksiz: 2
[TV] Yahoo/borsa uclarinin donduremedigi 3 sembol TradingView scanner ucundan alindi: ALTIN, BTC.D, TOTAL
Canli fiyat cekilebilen: 757 / 758  (28.9 sn)
[METAL] Bayat metal verisi yok — atlanan metal sembolu: 0 (esik 15 dk).
[BANT] 11 aday sembolun fiyati bandin ICINDE; gelis yonu icin 11 sembolde saatlik seri, 10 sembolde TV high/low alindi.
[CONFLUENCE] 6 cakisan seviye grubu (cizgi araligi <= %0.15) · bantlar arasi: - · dar band: DXY, EURCAD, FENER, ICPUSDT, USDJPY, UUSDT

=== ESIK: %0.25 ICINDE 41 ADAY (guncel fiyatla) ===

ICPUSDT        canli=         2.399  Magicma Günlük Alt Çizgi cizgi=       2.39937  mesafe=%-0.02  SHORT adayi (Günlük bandýn ÝÇÝNDE, banda AÞAÐIDAN çýktý (1 saat önce) — band direnç) [BINANCE]  [CAKISAN x2]
CELOUSDT       canli=       0.07276  Magicma Günlük Alt Çizgi cizgi=     0.0727482  mesafe=%+0.02  LONG adayi (fiyat Günlük bandýn ÜSTÜNDE — band destek) [BINANCE]
EURCAD         canli=        1.6082  Magicma Günlük Üst Çizgi cizgi=       1.60786  mesafe=%+0.02  LONG adayi (fiyat Günlük bandýn ÜSTÜNDE — band destek) [YAHOO]  [CAKISAN x2]
PEKGY          canli=         14.18  Magicma Günlük Alt Çizgi cizgi=       14.1753  mesafe=%+0.03  LONG adayi (Günlük bandýn ÝÇÝNDE, banda YUKARIDAN indi (5 saat önce) — band destek) [YAHOO]
LTCUSDT        canli=         48.52  Magicma Günlük Alt Çizgi cizgi=       48.5006  mesafe=%+0.04  LONG adayi (fiyat Günlük bandýn ÜSTÜNDE — band destek) [BINANCE]
USDCAD         canli=        1.3867  Magicma Günlük Alt Çizgi cizgi=       1.38735  mesafe=%-0.05  SHORT adayi (fiyat Günlük bandýn ALTINDA — band direnç) [YAHOO]
NZDUSD         canli=          0.59  Magicma Haftalýk -1      cizgi=      0.590287  mesafe=%-0.05  SHORT adayi (fiyat Haftalýk bandýn ALTINDA — band direnç) [YAHOO]
SDTTR          canli=         21.58  Magicma Haftalýk -1      cizgi=       21.5909  mesafe=%-0.05  SHORT adayi (fiyat Haftalýk bandýn ALTINDA — band direnç) [YAHOO]
DXY            canli=        99.545  Magicma Günlük Alt Çizgi cizgi=       99.5976  mesafe=%-0.05  SHORT adayi (fiyat Günlük bandýn ALTINDA — band direnç) [YAHOO]  [CAKISAN x2]
TNSRUSDT       canli=        0.0345  Magicma Günlük Üst Çizgi cizgi=     0.0344793  mesafe=%+0.06  LONG adayi (Günlük bandýn ÝÇÝNDE, banda YUKARIDAN indi (3 saat önce) — band destek) [BINANCE]
MGROS          canli=           529  Magicma Haftalýk -1      cizgi=        528.68  mesafe=%+0.06  LONG adayi (fiyat Haftalýk bandýn ÜSTÜNDE — band destek) [YAHOO]
EURCHF         canli=        0.9388  Magicma Haftalýk -1      cizgi=      0.938087  mesafe=%+0.08  SHORT adayi (Haftalýk bandýn ÝÇÝNDE, banda AÞAÐIDAN çýktý (21 saat önce) — band direnç) [YAHOO]
UKOIL          canli=         92.22  Magicma Günlük Alt Çizgi cizgi=       92.2922  mesafe=%-0.08  SHORT adayi (fiyat Günlük bandýn ALTINDA — band direnç) [YAHOO]
GBPCHF         canli=        1.0964  Magicma Haftalýk -1      cizgi=       1.09727  mesafe=%-0.08  SHORT adayi (fiyat Haftalýk bandýn ALTINDA — band direnç) [YAHOO]
CYSUSDT        canli=        0.4812  Magicma Günlük Alt Çizgi cizgi=      0.481619  mesafe=%-0.09  SHORT adayi (fiyat Günlük bandýn ALTINDA — band direnç) [MEXC]
USDJPY         canli=       159.985  Magicma Günlük Üst Çizgi cizgi=       159.838  mesafe=%+0.09  LONG adayi (fiyat Günlük bandýn ÜSTÜNDE — band destek) [YAHOO]  [CAKISAN x2]
UUSDT          canli=        0.9995  Magicma Günlük Alt Çizgi cizgi=       1.00042  mesafe=%-0.09  SHORT adayi (fiyat Günlük bandýn ALTINDA — band direnç) [BINANCE]  [CAKISAN x2]
CLOUSDT        canli=       0.13704  Magicma Günlük Üst Çizgi cizgi=      0.136914  mesafe=%+0.09  LONG adayi (fiyat Günlük bandýn ÜSTÜNDE — band destek) [MEXC]
UUSDT          canli=        0.9995  Magicma Günlük Üst Çizgi cizgi=       1.00048  mesafe=%-0.10  SHORT adayi (fiyat Günlük bandýn ALTINDA — band direnç) [BINANCE]  [CAKISAN x2]
ICPUSDT        canli=         2.399  Magicma Günlük Üst Çizgi cizgi=       2.39655  mesafe=%+0.10  SHORT adayi (Günlük bandýn ÝÇÝNDE, banda AÞAÐIDAN çýktý (1 saat önce) — band direnç) [BINANCE]  [CAKISAN x2]
CDNS           canli=        338.78  Magicma Günlük Üst Çizgi cizgi=       339.158  mesafe=%-0.11  LONG adayi (Günlük bandýn ÝÇÝNDE, banda YUKARIDAN indi (2 saat önce) — band destek) [YAHOO]
ZROUSDT        canli=         1.006  Magicma Günlük Üst Çizgi cizgi=       1.00716  mesafe=%-0.11  SHORT adayi (fiyat Günlük bandýn ALTINDA — band direnç) [BINANCE]
SAHOL          canli=          94.3  Magicma Günlük Alt Çizgi cizgi=       94.4093  mesafe=%-0.12  LONG adayi (Günlük bandýn ÝÇÝNDE, banda YUKARIDAN indi (3 saat önce) — band destek) [YAHOO]
REDUSDT        canli=         0.109  Magicma Günlük Üst Çizgi cizgi=      0.108865  mesafe=%+0.12  SHORT adayi (Günlük bandýn ÝÇÝNDE, banda AÞAÐIDAN çýktý (3 saat önce) — band direnç) [BINANCE]
MEGMT          canli=          45.1  Magicma Haftalýk -1      cizgi=       45.0389  mesafe=%+0.14  LONG adayi (fiyat Haftalýk bandýn ÜSTÜNDE — band destek) [YAHOO]
DXY            canli=        99.545  Magicma Günlük Üst Çizgi cizgi=       99.6823  mesafe=%-0.14  SHORT adayi (fiyat Günlük bandýn ALTINDA — band direnç) [YAHOO]  [CAKISAN x2]
EURCAD         canli=        1.6082  Magicma Günlük Alt Çizgi cizgi=        1.6059  mesafe=%+0.14  LONG adayi (fiyat Günlük bandýn ÜSTÜNDE — band destek) [YAHOO]  [CAKISAN x2]
FENER          canli=          3.14  Magicma Günlük Üst Çizgi cizgi=       3.14463  mesafe=%-0.15  SHORT adayi (fiyat Günlük bandýn ALTINDA — band direnç) [YAHOO]  [CAKISAN x2]
FENER          canli=          3.14  Magicma Günlük Alt Çizgi cizgi=        3.1447  mesafe=%-0.15  SHORT adayi (fiyat Günlük bandýn ALTINDA — band direnç) [YAHOO]  [CAKISAN x2]
USDCAD         canli=        1.3867  Magicma Haftalýk -1      cizgi=       1.38462  mesafe=%+0.15  LONG adayi (fiyat Haftalýk bandýn ÜSTÜNDE — band destek) [YAHOO]
ORCL           canli=        149.12  Magicma Haftalýk -2      cizgi=       148.869  mesafe=%+0.17  SHORT adayi (Haftalýk bandýn ÝÇÝNDE, banda AÞAÐIDAN çýktý (4 saat önce) — band direnç) [YAHOO]
LADYSUSDT      canli=     7.613e-09  Magicma Günlük Alt Çizgi cizgi=       7.6e-09  mesafe=%+0.17  LONG adayi (fiyat Günlük bandýn ÜSTÜNDE — band destek) [MEXC]
AUDNZD         canli=        1.2117  Magicma Günlük Üst Çizgi cizgi=       1.20955  mesafe=%+0.18  LONG adayi (fiyat Günlük bandýn ÜSTÜNDE — band destek) [YAHOO]
EURUSD         canli=        1.1601  Magicma Günlük Alt Çizgi cizgi=        1.1578  mesafe=%+0.20  LONG adayi (fiyat Günlük bandýn ÜSTÜNDE — band destek) [YAHOO]
SHIBUSDT       canli=       5.1e-06  Magicma Günlük Alt Çizgi cizgi=    5.0899e-06  mesafe=%+0.20  LONG adayi (fiyat Günlük bandýn ÜSTÜNDE — band destek) [BINANCE]
USDJPY         canli=       159.985  Magicma Günlük Alt Çizgi cizgi=       159.626  mesafe=%+0.22  LONG adayi (fiyat Günlük bandýn ÜSTÜNDE — band destek) [YAHOO]  [CAKISAN x2]
LAVAUSDT       canli=       0.01881  Magicma Günlük Üst Çizgi cizgi=     0.0188524  mesafe=%-0.22  SHORT adayi (fiyat Günlük bandýn ALTINDA — band direnç) [BYBIT]
USDCAD         canli=        1.3867  Magicma Günlük Üst Çizgi cizgi=       1.38985  mesafe=%-0.23  SHORT adayi (fiyat Günlük bandýn ALTINDA — band direnç) [YAHOO]
EURGBP         canli=        0.8563  Magicma Haftalýk -1      cizgi=      0.854319  mesafe=%+0.23  SHORT adayi (Haftalýk bandýn ÝÇÝNDE, banda AÞAÐIDAN çýktý (11 gün önce) — band direnç) [YAHOO]
WPAYUSDT       canli=        0.5316  Magicma Günlük Alt Çizgi cizgi=      0.530332  mesafe=%+0.24  SHORT adayi (Günlük bandýn ÝÇÝNDE, banda AÞAÐIDAN çýktý (2 saat önce) — band direnç) [GATEIO]
ZKCUSDT        canli=         0.051  Magicma Günlük Üst Çizgi cizgi=     0.0508769  mesafe=%+0.24  LONG adayi (Günlük bandýn ÝÇÝNDE, banda YUKARIDAN indi (6 saat önce) — band destek) [BINANCE]

Ayrica yazildi: C:\Users\ida\Desktop\ekonomikocu\magicma\fiyat_kontrol_son.md
