[bubbles] gunun_hareketlileri.txt gecici olarak devre disi.
[gozetmen 12:30:07] Baslangic: bugun taranmis 25 sembol
[gozetmen 12:30:08] Tur 1: kosucu baslatiliyor...
Toplam 426 sembol. Bugun taranmis: 25. Kalan: 400 · kara listeden atlanan: 1.
   kara listeden atlandi: NASDAQ:SPCX — kara listede (3 basarisiz, son 2026-08-26, 1 gun sonra yeniden denenecek)
[1/400] BINANCE:ACEUSDT ...
   OK ACEUSDT 0,16 (en yakin 43,1%)
[2/400] BINANCE:TAOUSDT ...
   OK TAOUSDT 226,20 (en yakin 1,3%)
[3/400] BINANCE:ONDOUSDT ...
   OK ONDOUSDT 0,35 (en yakin 1,5%)
[4/400] BINANCE:UUSDT ...
   OK UUSDT 1,00 (en yakin 0,1%)
[5/400] BINANCE:AVAXUSDT ...
   OK AVAXUSDT 7,22 (en yakin 2,0%)
[6/400] BINANCE:XPLUSDT ...
   OK XPLUSDT 0,08 (en yakin 7,6%)
[7/400] BINANCE:BCHUSDT ...
   OK BCHUSDT 245,30 (en yakin 6,9%)
[8/400] BINANCE:WLFIUSDT ...
   OK WLFIUSDT 0,06 (en yakin 3,4%)
[9/400] BINANCE:EURIUSDT ...
   OK EURIUSDT 1,16 (en yakin 0,3%)
[10/400] BINANCE:POLUSDT ...
   OK POLUSDT 0,09 (en yakin 8,3%)
[11/400] BINANCE:ZROUSDT ...
   OK ZROUSDT 1,00 (en yakin 0,2%)
[12/400] BINANCE:PYTHUSDT ...
   OK PYTHUSDT 0,05 (en yakin 14,6%)
[13/400] BINANCE:ASTERUSDT ...
   OK ASTERUSDT 0,70 (en yakin 7,9%)
[14/400] BINANCE:FETUSDT ...
   OK FETUSDT 0,15 (en yakin 15,5%)
[15/400] BINANCE:PENGUUSDT ...
   OK PENGUUSDT 0,01 (en yakin 15,4%)
[16/400] BINANCE:HBARUSDT ...
   OK HBARUSDT 0,07 (en yakin 4,6%)
[17/400] MEXC:GRAMUSDT ...
   OK GRAMUSDT 1,35 (en yakin 16,5%)
[18/400] BINANCE:PORTALUSDT ...
   OK PORTALUSDT 0,01 (en yakin 11,5%)
[19/400] BINANCE:FFUSDT ...
   OK FFUSDT 0,08 (en yakin 12,2%)
[20/400] BINANCE:ICPUSDT ...
   OK ICPUSDT 2,40 (en yakin 0,0%)
[21/400] BINANCE:ZAMAUSDT ...
   OK ZAMAUSDT 0,05 (en yakin 29,4%)
[22/400] BINANCE:SCUSDT ...
   OK SCUSDT 0,00 (en yakin 49,0%)
[23/400] BINANCE:STXUSDT ...
   OK STXUSDT 0,25 (en yakin 28,4%)
[24/400] BINANCE:ETHFIUSDT ...
   OK ETHFIUSDT 0,56 (en yakin 37,1%)
[25/400] BINANCE:ONGUSDT ...
   OK ONGUSDT 0,11 (en yakin 51,5%)
[26/400] BINANCE:COTIUSDT ...
   OK COTIUSDT 0,01 (en yakin 13,7%)
[27/400] BINANCE:BOMEUSDT ...
   OK BOMEUSDT 0,00 (en yakin 50,5%)
[28/400] BINANCE:CRVUSDT ...
   OK CRVUSDT 0,35 (en yakin 24,9%)
[29/400] BINANCE:BONKUSDT ...
   OK BONKUSDT 0,00 (en yakin 27,5%)
[30/400] BINANCE:GIGGLEUSDT ...
   OK GIGGLEUSDT 36,98 (en yakin 18,2%)
[31/400] BINANCE:SHIBUSDT ...
   OK SHIBUSDT 0,00 (en yakin 0,0%)
[32/400] BINANCE:ARBUSDT ...
   OK ARBUSDT 0,11 (en yakin 13,5%)
[33/400] BINANCE:ZENUSDT ...
   OK ZENUSDT 5,61 (en yakin 12,4%)
[34/400] BINANCE:DOTUSDT ...
   OK DOTUSDT 0,85 (en yakin 11,5%)
[35/400] BINANCE:APTUSDT ...
   OK APTUSDT 0,53 (en yakin 24,5%)
[36/400] BINANCE:HEMIUSDT ...
   OK HEMIUSDT 0,02 (en yakin 137,2%)
[37/400] BINANCE:INJUSDT ...
   OK INJUSDT 4,85 (en yakin 0,3%)
[38/400] BINANCE:PAXGUSDT ...
   OK PAXGUSDT 4.374,17 (en yakin 0,6%)
[39/400] BINANCE:FILUSDT ...
   OK FILUSDT 0,69 (en yakin 14,3%)
[40/400] BYBIT:XAUTUSDT ...
   OK XAUTUSDT 4.366,90 (en yakin 0,6%)
[41/400] BINANCE:TSTUSDT ...
   OK TSTUSDT 0,02 (en yakin 9,5%)
[42/400] BINANCE:KAITOUSDT ...
   OK KAITOUSDT 0,30 (en yakin 47,8%)
[43/400] BINANCE:NEIROUSDT ...
   OK NEIROUSDT 0,00 (en yakin 100,0%)
[44/400] BINANCE:OPUSDT ...
   OK OPUSDT 0,09 (en yakin 11,2%)
[45/400] BINANCE:ORDIUSDT ...
   OK ORDIUSDT 3,87 (en yakin 1,4%)
[46/400] BINANCE:MUBARAKUSDT ...
   OK MUBARAKUSDT 0,02 (en yakin 53,8%)
[47/400] BINANCE:JSTUSDT ...
   OK JSTUSDT 0,10 (en yakin 8,8%)
[48/400] BINANCE:VIRTUALUSDT ...
   OK VIRTUALUSDT 0,70 (en yakin 7,5%)
[49/400] BINANCE:RENDERUSDT ...
   OK RENDERUSDT 1,43 (en yakin 12,1%)
[50/400] BINANCE:EULUSDT ...
   OK EULUSDT 1,28 (en yakin 5,2%)
[51/400] BINANCE:OGUSDT ...
   OK OGUSDT 2,87 (en yakin 3,1%)
[52/400] BINANCE:DEXEUSDT ...
   OK DEXEUSDT 2,01 (en yakin 74,4%)
[53/400] BINANCE:WIFUSDT ...
   OK WIFUSDT 0,20 (en yakin 13,9%)
[54/400] BINANCE:ETCUSDT ...
   OK ETCUSDT 7,25 (en yakin 3,2%)
[55/400] BINANCE:TRBUSDT ...
   OK TRBUSDT 16,78 (en yakin 5,9%)
[56/400] BINANCE:PLUMEUSDT ...
   OK PLUMEUSDT 0,01 (en yakin 19,6%)
[57/400] BINANCE:LDOUSDT ...
   OK LDOUSDT 0,36 (en yakin 10,3%)
[58/400] BINANCE:SPYBUSDT ...
   okunamadi (timeout / deger 0)
   kara liste sayaci: 1/3
[59/400] BINANCE:FLOKIUSDT ...
   OK FLOKIUSDT 0,00 (en yakin 3,6%)
[60/400] BINANCE:GALAUSDT ...
   OK GALAUSDT 0,00 (en yakin 29,6%)
[61/400] BINANCE:SEIUSDT ...
   OK SEIUSDT 0,04 (en yakin 13,3%)
[62/400] BINANCE:ONTUSDT ...
   OK ONTUSDT 0,05 (en yakin 3,8%)
[63/400] BYBIT:LRCUSDT ...
   OK LRCUSDT 0,01 (en yakin 37,9%)
[64/400] BINANCE:EIGENUSDT ...
   OK EIGENUSDT 0,20 (en yakin 3,5%)
[65/400] BINANCE:BANKUSDT ...
   OK BANKUSDT 0,04 (en yakin 82,7%)
[66/400] BINANCE:ENSUSDT ...
   OK ENSUSDT 6,01 (seviye yok)
[67/400] BINANCE:PENDLEUSDT ...
   OK PENDLEUSDT 1,77 (en yakin 15,7%)
[68/400] BINANCE:CAKEUSDT ...
   OK CAKEUSDT 1,85 (en yakin 15,8%)
[69/400] BINANCE:HOMEUSDT ...
   OK HOMEUSDT 0,01 (en yakin 64,3%)
[70/400] BINANCE:BIOUSDT ...
   OK BIOUSDT 0,03 (en yakin 16,4%)
[71/400] BINANCE:KITEUSDT ...
   OK KITEUSDT 0,12 (en yakin 19,0%)
[72/400] BINANCE:BICOUSDT ...
   OK BICOUSDT 0,02 (en yakin 0,6%)
[73/400] BINANCE:TIAUSDT ...
   OK TIAUSDT 0,34 (en yakin 8,7%)
[74/400] BINANCE:WBTCUSDT ...
   OK WBTCUSDT 77.860,56 (en yakin 4,7%)
[75/400] BINANCE:GPSUSDT ...
   OK GPSUSDT 0,01 (en yakin 7,2%)
[76/400] MEXC:NSTUSDT ...
   OK NSTUSDT 1,39 (en yakin 10,2%)
[77/400] BINANCE:IMXUSDT ...
   OK IMXUSDT 0,12 (en yakin 11,2%)
[78/400] MEXC:NOSUSDT ...
   OK NOSUSDT 0,28 (en yakin 0,6%)
[79/400] BINANCE:ATOMUSDT ...
   OK ATOMUSDT 1,49 (en yakin 11,1%)
[80/400] BINANCE:STRKUSDT ...
   OK STRKUSDT 0,03 (en yakin 19,3%)
[81/400] BINANCE:ZKUSDT ...
   OK ZKUSDT 0,01 (en yakin 17,7%)
[82/400] BYBIT:POPCATUSDT ...
   OK POPCATUSDT 0,05 (en yakin 3,8%)
[83/400] BYBIT:MOCAUSDT ...
   OK MOCAUSDT 0,01 (en yakin 13,2%)
[84/400] BYBIT:GRASSUSDT ...
   OK GRASSUSDT 0,35 (en yakin 9,0%)
[85/400] BINANCE:MINAUSDT ...
   OK MINAUSDT 0,07 (en yakin 34,2%)
[86/400] BINANCE:DYDXUSDT ...
   OK DYDXUSDT 0,11 (en yakin 18,8%)
[87/400] BINANCE:PIXELUSDT ...
   OK PIXELUSDT 0,00 (en yakin 12,7%)
[88/400] MEXC:GMEUSDT ...
   OK GMEUSDT 0,00 (en yakin 9,0%)
[89/400] BINANCE:XTZUSDT ...
   OK XTZUSDT 0,21 (en yakin 16,1%)
[90/400] TVC:DXY ...
   OK DXY 99,56 (en yakin 0,0%)
[91/400] FX:EURUSD ...
   OK EURUSD 1,16 (en yakin 0,2%)
[92/400] FX:USDJPY ...
   OK USDJPY 159,96 (en yakin 0,1%)
[93/400] FX:GBPUSD ...
   OK GBPUSD 1,35 (en yakin 0,9%)
[94/400] FX:USDCHF ...
   OK USDCHF 0,81 (en yakin 1,6%)
[95/400] FX:AUDUSD ...
   OK AUDUSD 0,71 (en yakin 1,1%)
[96/400] FX:USDCAD ...
   OK USDCAD 1,39 (en yakin 0,0%)
[97/400] FX:NZDUSD ...
   OK NZDUSD 0,59 (en yakin 0,1%)
[98/400] FX:EURGBP ...
   OK EURGBP 0,86 (en yakin 0,2%)
[99/400] FX:EURJPY ...
   OK EURJPY 185,51 (en yakin 0,3%)
[100/400] FX:GBPJPY ...
   OK GBPJPY 216,69 (en yakin 1,0%)
[101/400] FX:EURCHF ...
   OK EURCHF 0,94 (en yakin 0,1%)
[102/400] FX:AUDJPY ...
   OK AUDJPY 114,25 (en yakin 1,2%)
[103/400] FX:EURAUD ...
   OK EURAUD 1,62 (en yakin 0,9%)
[104/400] FX:EURCAD ...
   OK EURCAD 1,61 (en yakin 0,0%)
[105/400] FX:GBPCHF ...
   OK GBPCHF 1,10 (en yakin 0,1%)
[106/400] FX:AUDNZD ...
   OK AUDNZD 1,21 (en yakin 0,2%)
[107/400] FX:NZDJPY ...
   OK NZDJPY 94,30 (en yakin 1,1%)
[108/400] FX:GBPCAD ...
   OK GBPCAD 1,88 (en yakin 0,7%)
[109/400] FX:CADJPY ...
   OK CADJPY 115,35 (en yakin 0,3%)
[110/400] FX:CHFJPY ...
   OK CHFJPY 197,58 (en yakin 1,4%)
[111/400] OANDA:USDTRY ...
   OK USDTRY 48,28 (en yakin 4,7%)
[112/400] OANDA:XAUUSD ...
   OK XAUUSD 4.370,76 (en yakin 1,1%)
[113/400] OANDA:XAGUSD ...
   OK XAGUSD 64,73 (en yakin 6,2%)
[114/400] OANDA:XPTUSD ...
   OK XPTUSD 1.757,60 (en yakin 3,8%)
[115/400] OANDA:XPDUSD ...
   OK XPDUSD 1.318,07 (en yakin 3,2%)
[116/400] FX_IDC:XAUTRY ...
   OK XAUTRY 210.954,37 (en yakin 2,4%)
[117/400] TVC:USOIL ...
   OK USOIL 87,95 (en yakin 0,8%)
[118/400] TVC:UKOIL ...
   OK UKOIL 92,25 (en yakin 0,0%)
[119/400] COMEX:HG1! ...
   OK HG1! 6,60 (seviye yok)
[120/400] SP:SPX ...
   OK SPX 7.686,14 (en yakin 5,4%)
[121/400] NASDAQ:NDX ...
   OK NDX 29.456,97 (en yakin 5,0%)
[122/400] DJ:DJI ...
   OK DJI 53.185,90 (en yakin 5,3%)
[123/400] TVC:VIX ...
   OK VIX 15,91 (en yakin 9,1%)
[124/400] TVC:US10Y ...
   OK US10Y 4,79 (en yakin 6,8%)
[125/400] BIST:XU100 ...
   OK XU100 14.357,69 (en yakin 2,9%)
[126/400] BIST:XU030 ...
   OK XU030 16.597,46 (en yakin 4,1%)
[127/400] NASDAQ:NVDA ...
   OK NVDA 220,78 (en yakin 8,5%)
[128/400] NASDAQ:AAPL ...
   OK AAPL 316,85 (en yakin 8,4%)
[129/400] NASDAQ:MSFT ...
   OK MSFT 507,29 (en yakin 15,9%)
[130/400] NASDAQ:AMZN ...
   OK AMZN 259,77 (en yakin 5,3%)
[131/400] NASDAQ:GOOGL ...
   OK GOOGL 339,35 (en yakin 1,3%)
[132/400] NASDAQ:META ...
   OK META 572,34 (en yakin 4,7%)
[133/400] NASDAQ:TSLA ...
   OK TSLA 367,95 (en yakin 3,3%)
[134/400] NASDAQ:AVGO ...
   OK AVGO 370,34 (en yakin 2,4%)
[135/400] NASDAQ:NFLX ...
   OK NFLX 81,05 (en yakin 3,8%)
[136/400] NASDAQ:AMD ...
   OK AMD 470,72 (en yakin 13,6%)
[137/400] NASDAQ:ADBE ...
   OK ADBE 292,79 (en yakin 19,4%)
[138/400] NASDAQ:COST ...
   OK COST 943,89 (en yakin 2,9%)
[139/400] NASDAQ:PEP ...
   OK PEP 140,34 (en yakin 4,4%)
[140/400] NASDAQ:CSCO ...
   OK CSCO 110,49 (en yakin 5,5%)
[141/400] NASDAQ:INTC ...
   OK INTC 89,51 (en yakin 1,3%)
[142/400] NASDAQ:QCOM ...
   OK QCOM 170,48 (en yakin 0,5%)
[143/400] NASDAQ:TXN ...
   OK TXN 260,91 (en yakin 0,4%)
[144/400] NASDAQ:AMAT ...
   OK AMAT 458,39 (en yakin 0,6%)
[145/400] NASDAQ:MU ...
   OK MU 958,73 (en yakin 25,3%)
[146/400] NASDAQ:INTU ...
   OK INTU 359,30 (en yakin 1,0%)
[147/400] NYSE:BRK.B ...
   OK BRK.B 504,03 (en yakin 2,9%)
[148/400] NYSE:JPM ...
   OK JPM 356,02 (en yakin 10,6%)
[149/400] NYSE:V ...
   OK V 379,37 (en yakin 13,6%)
[150/400] NYSE:MA ...
   OK MA 589,31 (en yakin 13,3%)
[151/400] NASDAQ:WMT ...
   OK WMT 104,87 (en yakin 11,1%)
[152/400] NYSE:UNH ...
   OK UNH 389,41 (seviye yok)
[153/400] NYSE:XOM ...
   OK XOM 160,95 (en yakin 5,6%)
[154/400] NYSE:JNJ ...
   OK JNJ 265,85 (en yakin 9,0%)
[155/400] NYSE:PG ...
   OK PG 145,12 (en yakin 0,7%)
[156/400] NYSE:HD ...
   OK HD 327,83 (en yakin 1,2%)
[157/400] NYSE:CVX ...
   OK CVX 206,14 (en yakin 8,6%)
[158/400] NYSE:KO ...
   OK KO 88,67 (en yakin 9,3%)
[159/400] NYSE:BAC ...
   OK BAC 61,94 (en yakin 11,6%)
[160/400] NYSE:ORCL ...
   OK ORCL 149,12 (en yakin 0,2%)
[161/400] NYSE:CRM ...
   OK CRM 257,54 (en yakin 1,1%)
[162/400] NYSE:MRK ...
   OK MRK 147,76 (en yakin 20,3%)
[163/400] NYSE:ABBV ...
   OK ABBV 256,42 (en yakin 12,0%)
[164/400] NYSE:PFE ...
   OK PFE 28,46 (en yakin 5,5%)
[165/400] NYSE:DIS ...
   OK DIS 107,55 (en yakin 1,8%)
[166/400] NYSE:NKE ...
   OK NKE 39,06 (en yakin 12,2%)
[167/400] NASDAQ:GOOG ...
   OK GOOG 335,41 (en yakin 1,9%)
[168/400] NASDAQ:PLTR ...
   OK PLTR 186,38 (en yakin 30,2%)
[169/400] NASDAQ:ASML ...
   OK ASML 1.696,01 (en yakin 5,0%)
[170/400] NASDAQ:ARM ...
   OK ARM 241,91 (en yakin 1,6%)
[171/400] NASDAQ:PYPL ...
   OK PYPL 52,66 (en yakin 7,3%)
[172/400] NASDAQ:CMCSA ...
   OK CMCSA 26,62 (en yakin 0,7%)
[173/400] NASDAQ:AMGN ...
   OK AMGN 429,88 (en yakin 17,9%)
[174/400] NASDAQ:GILD ...
   OK GILD 146,34 (en yakin 7,8%)
[175/400] NASDAQ:ADP ...
   OK ADP 286,16 (en yakin 7,1%)
[176/400] NASDAQ:VRTX ...
   OK VRTX 544,52 (en yakin 16,2%)
[177/400] NASDAQ:REGN ...
   OK REGN 799,08 (en yakin 2,7%)
[178/400] NASDAQ:BKNG ...
   OK BKNG 199,09 (en yakin 8,4%)
[179/400] NASDAQ:SBUX ...
   OK SBUX 106,25 (en yakin 4,6%)
[180/400] NASDAQ:MDLZ ...
   OK MDLZ 62,07 (en yakin 3,0%)
[181/400] NASDAQ:ISRG ...
   OK ISRG 376,86 (en yakin 9,5%)
[182/400] NASDAQ:LRCX ...
   OK LRCX 301,49 (en yakin 1,2%)
[183/400] NASDAQ:KLAC ...
   OK KLAC 175,45 (en yakin 23,3%)
[184/400] NASDAQ:SNPS ...
   OK SNPS 439,59 (en yakin 47,6%)
[185/400] NASDAQ:CDNS ...
   OK CDNS 338,78 (en yakin 0,1%)
[186/400] NASDAQ:MRVL ...
   OK MRVL 211,66 (en yakin 10,2%)
[187/400] NASDAQ:MCHP ...
   OK MCHP 73,45 (seviye yok)
[188/400] NASDAQ:PANW ...
   OK PANW 382,13 (en yakin 44,9%)
[189/400] NASDAQ:CRWD ...
   OK CRWD 231,00 (en yakin 46,3%)
[190/400] NASDAQ:ABNB ...
   OK ABNB 183,22 (en yakin 26,7%)
[191/400] NASDAQ:MELI ...
   OK MELI 1.936,20 (en yakin 0,7%)
[192/400] NASDAQ:LULU ...
   OK LULU 120,26 (seviye yok)
[193/400] NASDAQ:MSTR ...
   OK MSTR 132,94 (en yakin 3,0%)
[194/400] NASDAQ:COIN ...
   OK COIN 188,12 (en yakin 2,6%)
[195/400] NASDAQ:ORLY ...
   OK ORLY 88,80 (en yakin 1,7%)
[196/400] NASDAQ:ADI ...
   OK ADI 361,04 (en yakin 3,8%)
[197/400] NASDAQ:NXPI ...
   OK NXPI 224,64 (en yakin 2,9%)
[198/400] NASDAQ:MNST ...
   OK MNST 45,92 (en yakin 5,9%)
[199/400] NYSE:LLY ...
   OK LLY 1.156,73 (en yakin 8,0%)
[200/400] NYSE:WFC ...
   OK WFC 86,39 (en yakin 4,9%)
[201/400] NYSE:GS ...
   OK GS 1.025,90 (en yakin 4,7%)
[202/400] NYSE:MS ...
   OK MS 213,32 (en yakin 7,0%)
[203/400] NYSE:AXP ...
   OK AXP 330,17 (en yakin 1,4%)
[204/400] NYSE:BLK ...
   OK BLK 1.155,61 (en yakin 10,3%)
[205/400] NYSE:SPGI ...
   OK SPGI 435,84 (en yakin 3,4%)
[206/400] NYSE:CAT ...
   OK CAT 797,47 (en yakin 5,1%)
[207/400] NYSE:BA ...
   OK BA 207,78 (en yakin 3,7%)
[208/400] NYSE:GE ...
   OK GE 335,71 (en yakin 2,4%)
[209/400] NYSE:RTX ...
   OK RTX 207,73 (en yakin 6,2%)
[210/400] NYSE:UBER ...
   OK UBER 75,65 (en yakin 2,0%)
[211/400] NYSE:NOW ...
   OK NOW 147,99 (en yakin 4,1%)
[212/400] NYSE:ACN ...
   OK ACN 189,76 (en yakin 7,8%)
[213/400] NYSE:IBM ...
   OK IBM 233,87 (en yakin 1,8%)
[214/400] NYSE:TMO ...
   OK TMO 617,10 (en yakin 16,1%)
[215/400] NYSE:MCD ...
   OK MCD 263,54 (en yakin 7,5%)
[216/400] NYSE:LOW ...
   OK LOW 204,70 (en yakin 8,5%)
[217/400] NYSE:COP ...
   OK COP 132,49 (en yakin 10,5%)
[218/400] BIST:AEFES ...
   OK AEFES 17,99 (en yakin 1,8%)
[219/400] BIST:AGHOL ...
   OK AGHOL 31,82 (en yakin 1,3%)
[220/400] BIST:AGROT ...
   OK AGROT 2,04 (en yakin 26,4%)
[221/400] BIST:AHGAZ ...
   OK AHGAZ 38,56 (seviye yok)
[222/400] BIST:AKBNK ...
   OK AKBNK 72,90 (en yakin 0,5%)
[223/400] BIST:AKFGY ...
   OK AKFGY 2,58 (en yakin 94,9%)
[224/400] BIST:AKSA ...
   OK AKSA 10,77 (en yakin 3,7%)
[225/400] BIST:AKSEN ...
   OK AKSEN 78,20 (en yakin 5,3%)
[226/400] BIST:ALARK ...
   OK ALARK 108,10 (en yakin 8,3%)
[227/400] BIST:ALBRK ...
   OK ALBRK 8,65 (en yakin 2,1%)
[228/400] BIST:ALFAS ...
   OK ALFAS 40,32 (en yakin 9,0%)
[229/400] BIST:ANSGR ...
   OK ANSGR 27,22 (en yakin 2,1%)
[230/400] BIST:ARCLK ...
   OK ARCLK 90,75 (en yakin 13,7%)
[231/400] BIST:ASELS ...
   OK ASELS 392,50 (en yakin 4,4%)
[232/400] BIST:ASTOR ...
   OK ASTOR 320,25 (en yakin 15,7%)
[233/400] BIST:BERA ...
   OK BERA 13,77 (en yakin 10,9%)
[234/400] BIST:BIMAS ...
   OK BIMAS 401,75 (en yakin 7,1%)
[235/400] BIST:BRSAN ...
   OK BRSAN 714,50 (en yakin 23,6%)
[236/400] BIST:BRYAT ...
   OK BRYAT 1.674,00 (en yakin 15,3%)
[237/400] BIST:BSOKE ...
   OK BSOKE 23,68 (en yakin 31,5%)
[238/400] BIST:BTCIM ...
   OK BTCIM 4,07 (en yakin 2,1%)
[239/400] BIST:CANTE ...
   OK CANTE 1,35 (en yakin 8,5%)
[240/400] BIST:CCOLA ...
   OK CCOLA 76,55 (en yakin 3,2%)
[241/400] BIST:CIMSA ...
   OK CIMSA 44,66 (en yakin 1,8%)
[242/400] BIST:CLEBI ...
   OK CLEBI 1.456,00 (seviye yok)
[243/400] BIST:CWENE ...
   OK CWENE 35,98 (en yakin 0,6%)
[244/400] BIST:DOAS ...
   OK DOAS 163,50 (en yakin 12,6%)
[245/400] BIST:DOHOL ...
   OK DOHOL 22,02 (en yakin 2,2%)
[246/400] BIST:ECILC ...
   OK ECILC 77,30 (seviye yok)
[247/400] BIST:ECZYT ...
   OK ECZYT 318,75 (en yakin 4,0%)
[248/400] BIST:EGEEN ...
   OK EGEEN 5.082,50 (en yakin 10,9%)
[249/400] BIST:EKGYO ...
   OK EKGYO 20,02 (en yakin 0,6%)
[250/400] BIST:ENERY ...
   OK ENERY 10,17 (en yakin 11,0%)
[251/400] BIST:ENJSA ...
   OK ENJSA 110,40 (en yakin 1,4%)
[252/400] BIST:ENKAI ...
   OK ENKAI 88,05 (en yakin 6,4%)
[253/400] BIST:EREGL ...
   OK EREGL 38,52 (en yakin 5,1%)
[254/400] BIST:EUPWR ...
   OK EUPWR 92,35 (en yakin 30,8%)
[255/400] BIST:FROTO ...
   OK FROTO 77,65 (en yakin 12,4%)
[256/400] BIST:GARAN ...
   OK GARAN 133,20 (en yakin 0,5%)
[257/400] BIST:GESAN ...
   OK GESAN 82,90 (en yakin 23,7%)
[258/400] BIST:GUBRF ...
   OK GUBRF 470,75 (en yakin 3,6%)
[259/400] BIST:HALKB ...
   OK HALKB 42,92 (en yakin 4,7%)
[260/400] BIST:HEKTS ...
   OK HEKTS 2,72 (en yakin 17,6%)
[261/400] BIST:ISCTR ...
   OK ISCTR 12,81 (en yakin 5,4%)
[262/400] BIST:ISMEN ...
   OK ISMEN 33,28 (en yakin 1,3%)
[263/400] BIST:IZENR ...
   OK IZENR 7,52 (en yakin 2,3%)
[264/400] BIST:KARSN ...
   OK KARSN 10,46 (en yakin 6,0%)
[265/400] BIST:KCAER ...
   OK KCAER 15,84 (en yakin 13,1%)
[266/400] BIST:KCHOL ...
   OK KCHOL 216,90 (en yakin 8,8%)
[267/400] BIST:KONTR ...
   OK KONTR 3,48 (en yakin 50,2%)
[268/400] BIST:KONYA ...
   OK KONYA 3.880,00 (seviye yok)
[269/400] BIST:TRALT ...
   OK TRALT 50,35 (en yakin 3,8%)
[270/400] BIST:KRDMD ...
   OK KRDMD 46,12 (en yakin 19,9%)
[271/400] BIST:MAVI ...
   OK MAVI 37,16 (en yakin 7,0%)
[272/400] BIST:MGROS ...
   OK MGROS 529,00 (seviye yok)
[273/400] BIST:MIATK ...
   OK MIATK 27,54 (en yakin 23,5%)
[274/400] BIST:MPARK ...
   OK MPARK 414,00 (en yakin 5,2%)
[275/400] BIST:ODAS ...
   OK ODAS 7,42 (en yakin 0,7%)
[276/400] BIST:OTKAR ...
   OK OTKAR 319,50 (en yakin 10,2%)
[277/400] BIST:OYAKC ...
   OK OYAKC 22,38 (en yakin 0,5%)
[278/400] BIST:PETKM ...
   OK PETKM 20,60 (en yakin 0,2%)
[279/400] BIST:PGSUS ...
   OK PGSUS 149,80 (en yakin 12,8%)
[280/400] BIST:REEDR ...
   OK REEDR 5,73 (en yakin 17,6%)
[281/400] BIST:SAHOL ...
   OK SAHOL 94,30 (en yakin 0,1%)
[282/400] BIST:SASA ...
   OK SASA 2,37 (en yakin 8,2%)
[283/400] BIST:SDTTR ...
   OK SDTTR 21,58 (en yakin 0,1%)
[284/400] BIST:SISE ...
   OK SISE 39,74 (en yakin 5,9%)
[285/400] BIST:SKBNK ...
   OK SKBNK 6,30 (en yakin 6,4%)
[286/400] BIST:SMRTG ...
   OK SMRTG 10,25 (en yakin 3,6%)
[287/400] BIST:SOKM ...
   OK SOKM 55,40 (en yakin 4,4%)
[288/400] BIST:TABGD ...
   OK TABGD 233,20 (en yakin 7,8%)
[289/400] BIST:TAVHL ...
   OK TAVHL 260,75 (en yakin 1,7%)
[290/400] BIST:TCELL ...
   OK TCELL 95,20 (en yakin 1,7%)
[291/400] BIST:THYAO ...
   OK THYAO 302,50 (en yakin 0,8%)
[292/400] BIST:TKFEN ...
   OK TKFEN 212,60 (en yakin 50,6%)
[293/400] BIST:TMSN ...
   OK TMSN 75,25 (en yakin 19,4%)
[294/400] BIST:TOASO ...
   OK TOASO 270,50 (en yakin 7,4%)
[295/400] BIST:TSKB ...
   OK TSKB 11,00 (en yakin 6,0%)
[296/400] BIST:TTKOM ...
   OK TTKOM 51,30 (en yakin 1,1%)
[297/400] BIST:TTRAK ...
   OK TTRAK 431,25 (en yakin 2,8%)
[298/400] BIST:TUKAS ...
   OK TUKAS 2,03 (seviye yok)
[299/400] BIST:TUPRS ...
   OK TUPRS 409,00 (en yakin 49,6%)
[300/400] BIST:TURSG ...
   OK TURSG 6,14 (en yakin 5,1%)
[301/400] BIST:ULKER ...
   OK ULKER 90,90 (en yakin 7,0%)
[302/400] BIST:VAKBN ...
   OK VAKBN 32,56 (en yakin 1,1%)
[303/400] BIST:VESTL ...
   OK VESTL 23,18 (en yakin 11,1%)
[304/400] BIST:YEOTK ...
   OK YEOTK 33,38 (en yakin 0,8%)
[305/400] BIST:YKBNK ...
   OK YKBNK 36,90 (en yakin 0,5%)
[306/400] BIST:YYLGD ...
   OK YYLGD 10,18 (en yakin 8,2%)
[307/400] BIST:ZOREN ...
   OK ZOREN 2,34 (en yakin 16,2%)
[308/400] BIST:DAPGM ...
   OK DAPGM 7,84 (en yakin 0,8%)
[309/400] BIST:GSRAY ...
   OK GSRAY 1,07 (en yakin 0,4%)
[310/400] BIST:KLSER ...
   OK KLSER 24,24 (en yakin 8,6%)
[311/400] BIST:PASEU ...
   OK PASEU 230,30 (en yakin 77,8%)
[312/400] BIST:TUREX ...
   OK TUREX 6,41 (en yakin 15,9%)
[313/400] BIST:OBASE ...
   OK OBASE 36,00 (en yakin 235,5%)
[314/400] BIST:KOTON ...
   OK KOTON 12,55 (en yakin 12,9%)
[315/400] BIST:AVPGY ...
   OK AVPGY 56,30 (en yakin 2,0%)
[316/400] BIST:PEKGY ...
   OK PEKGY 14,18 (en yakin 0,0%)
[317/400] BIST:LMKDC ...
   OK LMKDC 23,30 (en yakin 22,0%)
[318/400] BIST:KTLEV ...
   OK KTLEV 58,20 (en yakin 45,5%)
[319/400] BIST:BALSU ...
   OK BALSU 9,61 (en yakin 33,0%)
[320/400] BIST:TERA ...
   OK TERA 188,00 (en yakin 19,0%)
[321/400] BIST:IHLAS ...
   OK IHLAS 1,08 (en yakin 19,8%)
[322/400] BIST:EFOR ...
   OK EFOR 17,41 (en yakin 16,0%)
[323/400] BIST:ISKPL ...
   OK ISKPL 8,20 (en yakin 33,4%)
[324/400] BIST:TEHOL ...
   OK TEHOL 35,94 (en yakin 13,0%)
[325/400] BIST:OZATD ...
   OK OZATD 4.810,00 (en yakin 177,8%)
[326/400] BIST:PSGYO ...
   OK PSGYO 3,20 (en yakin 2,7%)
[327/400] BIST:SMRVA ...
   OK SMRVA 11,05 (en yakin 20,9%)
[328/400] BIST:INFO ...
   OK INFO 5,44 (en yakin 10,5%)
[329/400] BIST:DOFRB ...
   OK DOFRB 123,00 (en yakin 8,7%)
[330/400] BIST:ZERGY ...
   OK ZERGY 9,21 (en yakin 40,0%)
[331/400] BIST:DSTKF ...
   OK DSTKF 2.087,00 (en yakin 6,8%)
[332/400] BIST:ESCOM ...
   OK ESCOM 5,47 (en yakin 0,6%)
[333/400] BIST:HOROZ ...
   OK HOROZ 58,95 (en yakin 8,8%)
[334/400] BIST:TATEN ...
   OK TATEN 8,29 (en yakin 26,6%)
[335/400] BIST:BORLS ...
   OK BORLS 4,21 (en yakin 17,0%)
[336/400] BIST:HRKET ...
   OK HRKET 90,80 (en yakin 3,8%)
[337/400] BIST:VSNMD ...
   OK VSNMD 43,36 (en yakin 18,7%)
[338/400] BIST:SELEC ...
   OK SELEC 335,75 (en yakin 117,2%)
[339/400] BIST:MOGAN ...
   OK MOGAN 18,04 (en yakin 21,1%)
[340/400] BIST:FZLGY ...
   OK FZLGY 9,08 (en yakin 1,2%)
[341/400] BIST:ALTIN ...
   OK ALTIN 73,13 (en yakin 5,1%)
[342/400] BIST:IHAAS ...
   OK IHAAS 50,65 (en yakin 29,5%)
[343/400] BIST:KOCMT ...
   OK KOCMT 4,18 (en yakin 21,2%)
[344/400] BIST:RALYH ...
   OK RALYH 266,25 (en yakin 11,8%)
[345/400] BIST:DITAS ...
   OK DITAS 24,00 (en yakin 29,8%)
[346/400] BIST:ENSRI ...
   OK ENSRI 5,05 (en yakin 36,8%)
[347/400] BIST:IHLGM ...
   OK IHLGM 1,62 (en yakin 5,7%)
[348/400] BIST:MANAS ...
   OK MANAS 33,06 (en yakin 20,1%)
[349/400] BIST:AYCES ...
   OK AYCES 458,00 (en yakin 2,0%)
[350/400] BIST:IEYHO ...
   OK IEYHO 208,30 (en yakin 60,7%)
[351/400] BIST:SERNT ...
   OK SERNT 7,93 (en yakin 9,7%)
[352/400] BIST:GENIL ...
   OK GENIL 11,43 (en yakin 19,1%)
[353/400] BIST:HATSN ...
   OK HATSN 72,90 (en yakin 42,5%)
[354/400] BIST:GLRMK ...
   OK GLRMK 169,50 (en yakin 4,9%)
[355/400] BIST:TCKRC ...
   OK TCKRC 146,40 (en yakin 15,2%)
[356/400] BIST:MAGEN ...
   OK MAGEN 34,02 (en yakin 27,1%)
[357/400] BIST:A1CAP ...
   OK A1CAP 7,82 (en yakin 6,4%)
[358/400] BIST:CVKMD ...
   OK CVKMD 16,82 (en yakin 13,9%)
[359/400] BIST:GUNDG ...
   OK GUNDG 1.558,00 (en yakin 18,5%)
[360/400] BIST:GRSEL ...
   OK GRSEL 295,75 (en yakin 7,6%)
[361/400] BIST:AKENR ...
   OK AKENR 10,58 (en yakin 4,0%)
[362/400] BIST:CELHA ...
   OK CELHA 24,52 (en yakin 46,3%)
[363/400] BIST:KLRHO ...
   OK KLRHO 65,75 (en yakin 4,7%)
[364/400] BIST:EDATA ...
   OK EDATA 17,97 (en yakin 1,5%)
[365/400] BIST:TRMET ...
   OK TRMET 136,30 (en yakin 5,4%)
[366/400] BIST:ENDAE ...
   OK ENDAE 18,08 (en yakin 7,8%)
[367/400] BIST:MEGMT ...
   OK MEGMT 44,90 (en yakin 0,3%)
[368/400] BIST:ALTNY ...
   OK ALTNY 17,46 (en yakin 7,2%)
[369/400] BIST:EUREN ...
   OK EUREN 3,94 (en yakin 13,8%)
[370/400] BIST:FENER ...
   OK FENER 3,14 (en yakin 0,1%)
[371/400] BIST:GRTHO ...
   OK GRTHO 198,10 (en yakin 12,9%)
[372/400] BIST:KUYAS ...
   OK KUYAS 65,65 (en yakin 12,1%)
[373/400] BIST:OBAMS ...
   OK OBAMS 5,61 (en yakin 19,1%)
[374/400] BIST:PAHOL ...
   OK PAHOL 1,35 (en yakin 10,3%)
[375/400] BIST:PATEK ...
   OK PATEK 20,20 (en yakin 3,3%)
[376/400] BIST:QUAGR ...
   OK QUAGR 3,16 (en yakin 9,9%)
[377/400] BIST:SARKY ...
   OK SARKY 24,80 (en yakin 9,7%)
[378/400] BIST:TRENJ ...
   OK TRENJ 104,50 (seviye yok)
[379/400] BIST:GWIND ...
   OK GWIND 22,66 (en yakin 9,7%)
[380/400] BIST:AGESA ...
   OK AGESA 260,75 (en yakin 9,6%)
[381/400] BIST:AKGRT ...
   OK AKGRT 6,22 (en yakin 3,2%)
[382/400] BIST:ANHYT ...
   OK ANHYT 104,90 (en yakin 3,3%)
[383/400] BIST:KORDS ...
   OK KORDS 84,30 (en yakin 13,8%)
[384/400] BIST:AYGAZ ...
   OK AYGAZ 337,50 (en yakin 29,4%)
[385/400] BIST:TKNSA ...
   OK TKNSA 17,84 (en yakin 12,9%)
[386/400] BIST:VESBE ...
   OK VESBE 5,37 (seviye yok)
[387/400] BIST:TRGYO ...
   OK TRGYO 95,00 (en yakin 0,8%)
[388/400] BIST:ISGYO ...
   OK ISGYO 26,22 (en yakin 14,0%)
[389/400] BIST:AKCNS ...
   OK AKCNS 241,70 (en yakin 11,3%)
[390/400] BIST:LOGO ...
   OK LOGO 133,60 (en yakin 3,5%)
[391/400] BIST:KAREL ...
   OK KAREL 8,58 (en yakin 16,2%)
[392/400] BIST:INDES ...
   OK INDES 11,95 (en yakin 14,3%)
[393/400] BIST:ALKIM ...
   OK ALKIM 15,59 (en yakin 11,1%)
[394/400] BIST:GOODY ...
   OK GOODY 2,61 (en yakin 5,8%)
[395/400] BIST:BJKAS ...
   OK BJKAS 2,30 (en yakin 33,8%)
[396/400] BIST:TSPOR ...
   OK TSPOR 1,06 (en yakin 6,9%)
[397/400] BIST:BIOEN ...
   OK BIOEN 19,12 (en yakin 0,6%)
[398/400] BIST:KMPUR ...
   OK KMPUR 18,79 (en yakin 0,9%)
[399/400] BIST:KARTN ...
   OK KARTN 160,80 (en yakin 22,6%)
[400/400] BIST:CEMTS ...
   OK CEMTS 8,76 (en yakin 12,9%)

Bitti. Bu kosumda 399 okundu, 2 okunamadi (1'i kara listeden denenmeden atlandi).
Rapor: C:\Users\ida\Desktop\ekonomikocu\magicma\magicma_rapor_2026-09-01.md  (bugun toplam 424 sembol, 306 rapora girdi)
Kara listede: 28 sembol (21'si bu hafta yeniden denenecek)
[gozetmen 12:48:23] Tur 1 bitti: bugun taranmis 424 sembol (+399)
[gozetmen 12:48:24] Tur 2: kosucu baslatiliyor...
Toplam 426 sembol. Bugun taranmis: 424. Kalan: 1 · kara listeden atlanan: 1.
   kara listeden atlandi: NASDAQ:SPCX — kara listede (3 basarisiz, son 2026-08-26, 1 gun sonra yeniden denenecek)
[1/1] BINANCE:SPYBUSDT ...
   okunamadi (timeout / deger 0)
   kara liste sayaci: 2/3

Bitti. Bu kosumda 0 okundu, 2 okunamadi (1'i kara listeden denenmeden atlandi).
Rapor: C:\Users\ida\Desktop\ekonomikocu\magicma\magicma_rapor_2026-09-01.md  (bugun toplam 424 sembol, 306 rapora girdi)
Kara listede: 28 sembol (21'si bu hafta yeniden denenecek)
[gozetmen 12:48:50] Tur 2 bitti: bugun taranmis 424 sembol (+0)
[gozetmen 12:49:16] Chrome yenilendi.
[gozetmen 12:49:17] Tur 3: kosucu baslatiliyor...
Toplam 426 sembol. Bugun taranmis: 424. Kalan: 1 · kara listeden atlanan: 1.
   kara listeden atlandi: NASDAQ:SPCX — kara listede (3 basarisiz, son 2026-08-26, 1 gun sonra yeniden denenecek)
[1/1] BINANCE:SPYBUSDT ...
   okunamadi (timeout / deger 0)
   kara listeye alindi (3. basarisizlik) — bundan sonra denenmeden atlanacak, 7 gunde bir yeniden denenecek

Bitti. Bu kosumda 0 okundu, 2 okunamadi (1'i kara listeden denenmeden atlandi).
Rapor: C:\Users\ida\Desktop\ekonomikocu\magicma\magicma_rapor_2026-09-01.md  (bugun toplam 424 sembol, 306 rapora girdi)
Kara listede: 28 sembol (22'si bu hafta yeniden denenecek)
[gozetmen 12:49:43] Tur 3 bitti: bugun taranmis 424 sembol (+0)
[gozetmen 12:49:43] 2 tur ust uste ilerleme yok — duruluyor.
[gozetmen] cikis kodu 1
[bubbles] gunun_hareketlileri.txt GERI KONDU.
