[10:39:22] OK — aktif hesap @420cryptofarmer. Tarama serbest.
[tara_guvenli] calistiriliyor: tara_guncel_yeni.py 
En yeni kayit: 2026-06-22T23:26:06
Stop-before (buraya gelince dur): 19 Haz
Baslangic: 6247 tweet | 107 alinti | 1846 flood-parca

Mevcut jsonl: 6247 tweet | alinTi tam: 100 | bekleyen alinti: 7
Senin Chrome'una baglandi (port 9222).
Profil yuklenmiyor — arama akisina geciliyor...
Akis yenileniyor (tek sekme, sadece ekonomikocu)...
Akis OK: https://x.com/search?q=from%3Aekonomikocu&src=typed_query&f=live
Scroll 1/120: toplam 6247 tweet (+0 yeni) | ekranda: 0 | alinti: 107 | en eski: 2019-11-28 20:04:04
Scroll 2/120: toplam 6247 tweet (+0 yeni) | ekranda: 0 | alinti: 107 | en eski: 2019-11-28 20:04:04
Scroll 3/120: toplam 6247 tweet (+0 yeni) | ekranda: 0 | alinti: 107 | en eski: 2019-11-28 20:04:04
  >> DISKE YAZILDI: 6247 tweet -> cekilen_tweetler.jsonl
  >> Ekranda 0 tweet — splash/akis kurtarma...
  >> X takildi (splash) — profil akisina donuluyor...
  >> Kurtarma sonrasi ekranda: 6 tweet
Scroll 5/120: toplam 6247 tweet (+0 yeni) | ekranda: 0 | alinti: 107 | en eski: 2019-11-28 20:04:04
Scroll 6/120: toplam 6247 tweet (+0 yeni) | ekranda: 0 | alinti: 107 | en eski: 2019-11-28 20:04:04
  >> DISKE YAZILDI: 6247 tweet -> cekilen_tweetler.jsonl
Scroll 7/120: toplam 6247 tweet (+0 yeni) | ekranda: 0 | alinti: 107 | en eski: 2019-11-28 20:04:04
  >> Kurtarma (durak #4)...
  >> Ekranda 0 tweet — splash/akis kurtarma...
  >> X takildi (splash) — profil akisina donuluyor...
  >> Kurtarma sonrasi ekranda: 6 tweet
  >> Medya: graf_01.jpg (2069481322574209445)
  >> Medya: graf_02.jpg (2069481322574209445)
  >> Medya: graf_03.jpg (2069481322574209445)
Scroll 9/120: toplam 6251 tweet (+4 yeni) | ekranda: 4 | alinti: 108 | en eski: 2019-11-28 20:04:04
  >> DISKE YAZILDI: 6251 tweet -> cekilen_tweetler.jsonl
  >> Medya: graf_01.jpg (2069490391804428357)
  >> Medya: graf_01.jpg (2069491891955978275)
  >> Medya: graf_01.jpg (2069179225463238659)
  >> Medya: graf_01.jpg (2069192083521343557)
  >> Medya: graf_01.jpg (2069145497193893904)
Scroll 10/120: toplam 6260 tweet (+9 yeni) | ekranda: 13 | alinti: 109 | en eski: 2019-11-28 20:04:04
Scroll 11/120: toplam 6260 tweet (+0 yeni) | ekranda: 13 | alinti: 109 | en eski: 2019-11-28 20:04:04
Scroll 12/120: toplam 6260 tweet (+0 yeni) | ekranda: 13 | alinti: 109 | en eski: 2019-11-28 20:04:04
  >> DISKE YAZILDI: 6260 tweet -> cekilen_tweetler.jsonl
  >> Medya: graf_01.jpg (2069048361454313586)
Scroll 13/120: toplam 6263 tweet (+3 yeni) | ekranda: 15 | alinti: 109 | en eski: 2019-11-28 20:04:04
Scroll 14/120: toplam 6263 tweet (+0 yeni) | ekranda: 15 | alinti: 109 | en eski: 2019-11-28 20:04:04
Scroll 15/120: toplam 6263 tweet (+0 yeni) | ekranda: 14 | alinti: 109 | en eski: 2019-11-28 20:04:04
  >> DISKE YAZILDI: 6263 tweet -> cekilen_tweetler.jsonl
  >> Takilma (2026-06-15) — profil yenileniyor (eski tarih aramasina gidilmiyor)
Scroll 16/120: toplam 6263 tweet (+0 yeni) | ekranda: 4 | alinti: 109 | en eski: 2019-11-28 20:04:04
Scroll 17/120: toplam 6263 tweet (+0 yeni) | ekranda: 13 | alinti: 109 | en eski: 2019-11-28 20:04:04
Scroll 18/120: toplam 6263 tweet (+0 yeni) | ekranda: 13 | alinti: 109 | en eski: 2019-11-28 20:04:04
  >> DISKE YAZILDI: 6263 tweet -> cekilen_tweetler.jsonl
Scroll 19/120: toplam 6263 tweet (+0 yeni) | ekranda: 13 | alinti: 109 | en eski: 2019-11-28 20:04:04
  >> Kurtarma (durak #4)...
  >> Sayfa basina donulmuyor — sadece asagi kaydiriliyor...
Scroll 20/120: toplam 6263 tweet (+0 yeni) | ekranda: 11 | alinti: 109 | en eski: 2019-11-28 20:04:04
  >> Kurtarma (durak #4)...
  >> Sayfa basina donulmuyor — sadece asagi kaydiriliyor...
Scroll 21/120: toplam 6263 tweet (+0 yeni) | ekranda: 16 | alinti: 109 | en eski: 2019-11-28 20:04:04
  >> DISKE YAZILDI: 6263 tweet -> cekilen_tweetler.jsonl
  >> Takilma (2026-05-21) — profil yenileniyor (eski tarih aramasina gidilmiyor)
Scroll 22/120: toplam 6263 tweet (+0 yeni) | ekranda: 0 | alinti: 109 | en eski: 2019-11-28 20:04:04
Scroll 23/120: toplam 6263 tweet (+0 yeni) | ekranda: 0 | alinti: 109 | en eski: 2019-11-28 20:04:04
Scroll 24/120: toplam 6263 tweet (+0 yeni) | ekranda: 0 | alinti: 109 | en eski: 2019-11-28 20:04:04
  >> DISKE YAZILDI: 6263 tweet -> cekilen_tweetler.jsonl
  >> Ekranda 0 tweet — splash/akis kurtarma...
  >> X takildi (splash) — profil akisina donuluyor...
  >> Kurtarma sonrasi ekranda: 6 tweet
Scroll 26/120: toplam 6263 tweet (+0 yeni) | ekranda: 0 | alinti: 109 | en eski: 2019-11-28 20:04:04
Scroll 27/120: toplam 6263 tweet (+0 yeni) | ekranda: 0 | alinti: 109 | en eski: 2019-11-28 20:04:04
  >> DISKE YAZILDI: 6263 tweet -> cekilen_tweetler.jsonl
Scroll 28/120: toplam 6263 tweet (+0 yeni) | ekranda: 0 | alinti: 109 | en eski: 2019-11-28 20:04:04
  >> Kurtarma (durak #4)...
  >> Ekranda 0 tweet — splash/akis kurtarma...
  >> X takildi (splash) — profil akisina donuluyor...
  >> Kurtarma sonrasi ekranda: 5 tweet
Scroll 30/120: toplam 6263 tweet (+0 yeni) | ekranda: 0 | alinti: 109 | en eski: 2019-11-28 20:04:04
  >> DISKE YAZILDI: 6263 tweet -> cekilen_tweetler.jsonl
Scroll 31/120: toplam 6263 tweet (+0 yeni) | ekranda: 0 | alinti: 109 | en eski: 2019-11-28 20:04:04
Scroll 32/120: toplam 6263 tweet (+0 yeni) | ekranda: 0 | alinti: 109 | en eski: 2019-11-28 20:04:04
  >> Kurtarma (durak #4)...
  >> Ekranda 0 tweet — splash/akis kurtarma...
  >> X takildi (splash) — profil akisina donuluyor...
  >> Kurtarma sonrasi ekranda: 7 tweet
Scroll 34/120: toplam 6263 tweet (+0 yeni) | ekranda: 0 | alinti: 109 | en eski: 2019-11-28 20:04:04
Scroll 35/120: toplam 6263 tweet (+0 yeni) | ekranda: 0 | alinti: 109 | en eski: 2019-11-28 20:04:04
Scroll 36/120: toplam 6263 tweet (+0 yeni) | ekranda: 0 | alinti: 109 | en eski: 2019-11-28 20:04:04
  >> DISKE YAZILDI: 6263 tweet -> cekilen_tweetler.jsonl
  >> Ekranda 0 tweet — splash/akis kurtarma...
  >> X takildi (splash) — profil akisina donuluyor...
  >> Kurtarma sonrasi ekranda: 6 tweet
Scroll 38/120: toplam 6263 tweet (+0 yeni) | ekranda: 0 | alinti: 109 | en eski: 2019-11-28 20:04:04
Scroll 39/120: toplam 6263 tweet (+0 yeni) | ekranda: 0 | alinti: 109 | en eski: 2019-11-28 20:04:04
  >> DISKE YAZILDI: 6263 tweet -> cekilen_tweetler.jsonl
Scroll 40/120: toplam 6263 tweet (+0 yeni) | ekranda: 0 | alinti: 109 | en eski: 2019-11-28 20:04:04
  >> Profil (Gonderiler) — yanitlar sekmesi yok...
  >> Ekranda 0 tweet — splash/akis kurtarma...
  >> X takildi (splash) — profil akisina donuluyor...
  >> Kurtarma sonrasi ekranda: 7 tweet
Scroll 42/120: toplam 6263 tweet (+0 yeni) | ekranda: 0 | alinti: 109 | en eski: 2019-11-28 20:04:04
  >> DISKE YAZILDI: 6263 tweet -> cekilen_tweetler.jsonl
Scroll 43/120: toplam 6263 tweet (+0 yeni) | ekranda: 0 | alinti: 109 | en eski: 2019-11-28 20:04:04
Scroll 44/120: toplam 6263 tweet (+0 yeni) | ekranda: 0 | alinti: 109 | en eski: 2019-11-28 20:04:04
  >> Ekranda 0 tweet — splash/akis kurtarma...
  >> X takildi (splash) — profil akisina donuluyor...
  >> Kurtarma sonrasi ekranda: 6 tweet
Scroll 46/120: toplam 6263 tweet (+0 yeni) | ekranda: 0 | alinti: 109 | en eski: 2019-11-28 20:04:04
Scroll 47/120: toplam 6263 tweet (+0 yeni) | ekranda: 0 | alinti: 109 | en eski: 2019-11-28 20:04:04
Scroll 48/120: toplam 6263 tweet (+0 yeni) | ekranda: 0 | alinti: 109 | en eski: 2019-11-28 20:04:04
  >> DISKE YAZILDI: 6263 tweet -> cekilen_tweetler.jsonl
Scroll 49/120: toplam 6263 tweet (+0 yeni) | ekranda: 0 | alinti: 109 | en eski: 2019-11-28 20:04:04
Scroll 50/120: toplam 6263 tweet (+0 yeni) | ekranda: 0 | alinti: 109 | en eski: 2019-11-28 20:04:04
Scroll 51/120: toplam 6263 tweet (+0 yeni) | ekranda: 0 | alinti: 109 | en eski: 2019-11-28 20:04:04
  >> DISKE YAZILDI: 6263 tweet -> cekilen_tweetler.jsonl
Scroll 52/120: toplam 6263 tweet (+0 yeni) | ekranda: 0 | alinti: 109 | en eski: 2019-11-28 20:04:04
Scroll 53/120: toplam 6263 tweet (+0 yeni) | ekranda: 0 | alinti: 109 | en eski: 2019-11-28 20:04:04
Scroll 54/120: toplam 6263 tweet (+0 yeni) | ekranda: 0 | alinti: 109 | en eski: 2019-11-28 20:04:04
  >> DISKE YAZILDI: 6263 tweet -> cekilen_tweetler.jsonl
Scroll 55/120: toplam 6263 tweet (+0 yeni) | ekranda: 0 | alinti: 109 | en eski: 2019-11-28 20:04:04
Scroll 56/120: toplam 6263 tweet (+0 yeni) | ekranda: 0 | alinti: 109 | en eski: 2019-11-28 20:04:04
Scroll 57/120: toplam 6263 tweet (+0 yeni) | ekranda: 0 | alinti: 109 | en eski: 2019-11-28 20:04:04
  >> DISKE YAZILDI: 6263 tweet -> cekilen_tweetler.jsonl
Scroll 58/120: toplam 6263 tweet (+0 yeni) | ekranda: 0 | alinti: 109 | en eski: 2019-11-28 20:04:04
Scroll 59/120: toplam 6263 tweet (+0 yeni) | ekranda: 0 | alinti: 109 | en eski: 2019-11-28 20:04:04
Scroll 60/120: toplam 6263 tweet (+0 yeni) | ekranda: 0 | alinti: 109 | en eski: 2019-11-28 20:04:04
  >> DISKE YAZILDI: 6263 tweet -> cekilen_tweetler.jsonl
Scroll 61/120: toplam 6263 tweet (+0 yeni) | ekranda: 0 | alinti: 109 | en eski: 2019-11-28 20:04:04
Scroll 62/120: toplam 6263 tweet (+0 yeni) | ekranda: 0 | alinti: 109 | en eski: 2019-11-28 20:04:04
Scroll 63/120: toplam 6263 tweet (+0 yeni) | ekranda: 0 | alinti: 109 | en eski: 2019-11-28 20:04:04
  >> DISKE YAZILDI: 6263 tweet -> cekilen_tweetler.jsonl
Daha fazla tweet yuklenmiyor (limit veya X takildi).
Asama: #FLOOD thread parcalari...
  >> #FLOOD thread: 2064032033966612772
  >> Thread: 2064032033966612772
Akis bekleniyor (1/8)...
Akis hazir (8 tweet ekranda).
  >> goto engellendi: https://x.com/explore
Asama 2: alintilar (tek sekme, ekonomikocu/status)...
Asama 2 tur 1: 7 alinti bekliyor...
  >> Alinti 2046329630873747618 — sadece ekonomikocu/status/2045587086695391351
  >> Baska hesap sayfasi acilmadi (Koç sayfasindaki metin kullanildi)
  >> Alinti 2045587086695391351 — sadece ekonomikocu/status/2046329630873747618
  >> Baska hesap sayfasi acilmadi (Koç sayfasindaki metin kullanildi)
  >> Alinti 2038986156075872628 — sadece ekonomikocu/status/2039050447420326027
  >> Baska hesap sayfasi acilmadi (Koç sayfasindaki metin kullanildi)
  >> Alinti 1875548019430658062 — sadece ekonomikocu/status/1875571495164113292
  >> Baska hesap sayfasi acilmadi (Koç sayfasindaki metin kullanildi)
  >> Bu turda ziyaret: 7 | kalan: 7
  >> Ilerleme yok — kalanlar isaretleniyor.
  >> goto engellendi: https://x.com/explore
Asama: eksik grafikler (medya/)...
  >> DISKE YAZILDI: 6263 tweet -> cekilen_tweetler.jsonl

=== ASIL DOSYA: C:\Users\idagu\OneDrive\Masaüstü\ekonomikocu\cekilen_tweetler.jsonl ===
Toplam: 6261 | Ingilizce(kirli): 0
Hafiza atlandi (--skip-hafiza). JSONL kaydedildi.

=== Alinti turu 1/6 ===
Bekleyen alinti: 7
Chrome CDP (port 9222)
Asama 2 tur 1: 7 alinti bekliyor...
  >> Alinti 2046329630873747618 — sadece ekonomikocu/status/2045587086695391351
  >> Baska hesap sayfasi acilmadi (Koç sayfasindaki metin kullanildi)
  >> Alinti 2045587086695391351 — sadece ekonomikocu/status/2046329630873747618
  >> Baska hesap sayfasi acilmadi (Koç sayfasindaki metin kullanildi)
  >> Alinti 2038986156075872628 — sadece ekonomikocu/status/2039050447420326027
  >> Baska hesap sayfasi acilmadi (Koç sayfasindaki metin kullanildi)
  >> Alinti 1875548019430658062 — sadece ekonomikocu/status/1875571495164113292
  >> Baska hesap sayfasi acilmadi (Koç sayfasindaki metin kullanildi)
  >> Bu turda ziyaret: 7 | kalan: 7
  >> Ilerleme yok — kalanlar isaretleniyor.
JSONL guncellendi: 6261 tweet
Hafiza: 6261 tweet | Ingilizce(kirli): 0 | Analiz bekliyor: 28
OK: C:\Users\idagu\OneDrive\Masaüstü\ekonomikocu\ekonomikocu_hafiza_v1.md
Koç dili guncellendi: 6224 public tweet
Dosya: C:\Users\idagu\OneDrive\Masaüstü\ekonomikocu\cekilen_tweetler.jsonl
Toplam satir: 6261 | alinti (is_quote): 109
EKSIK: 7 alinti — tekrar: ALINTI_TAMAMLA.bat
  2065017533371936987 <- ana None | metin kesik | metin=163 char
  2064023815873585325 <- ana None | metin kesik | metin=37 char
  2064023475178598410 <- ana None | metin kesik | metin=46 char
  2046329630873747618 <- ana 2045587086695391351 | metin kesik | metin=454 char
  2045587086695391351 <- ana 2046329630873747618 | metin kesik | metin=461 char
  2038986156075872628 <- ana 2039050447420326027 | metin kesik | metin=50 char
  1875548019430658062 <- ana 1875571495164113292 | metin kesik | metin=802 char
Eksik kaldi — bir tur daha...

=== Alinti turu 2/6 ===
Bekleyen alinti: 7
Chrome CDP (port 9222)
Asama 2 tur 1: 7 alinti bekliyor...
  >> Alinti 2046329630873747618 — sadece ekonomikocu/status/2045587086695391351
  >> Baska hesap sayfasi acilmadi (Koç sayfasindaki metin kullanildi)
  >> Alinti 2045587086695391351 — sadece ekonomikocu/status/2046329630873747618
  >> Baska hesap sayfasi acilmadi (Koç sayfasindaki metin kullanildi)
  >> Alinti 2038986156075872628 — sadece ekonomikocu/status/2039050447420326027
  >> Baska hesap sayfasi acilmadi (Koç sayfasindaki metin kullanildi)
  >> Alinti 1875548019430658062 — sadece ekonomikocu/status/1875571495164113292
  >> Baska hesap sayfasi acilmadi (Koç sayfasindaki metin kullanildi)
  >> Bu turda ziyaret: 7 | kalan: 7
  >> Ilerleme yok — kalanlar isaretleniyor.
JSONL guncellendi: 6261 tweet
Hafiza: 6261 tweet | Ingilizce(kirli): 0 | Analiz bekliyor: 0
OK: C:\Users\idagu\OneDrive\Masaüstü\ekonomikocu\ekonomikocu_hafiza_v1.md
Koç dili guncellendi: 6224 public tweet
Dosya: C:\Users\idagu\OneDrive\Masaüstü\ekonomikocu\cekilen_tweetler.jsonl
Toplam satir: 6261 | alinti (is_quote): 109
EKSIK: 7 alinti — tekrar: ALINTI_TAMAMLA.bat
  2065017533371936987 <- ana None | metin kesik | metin=163 char
  2064023815873585325 <- ana None | metin kesik | metin=37 char
  2064023475178598410 <- ana None | metin kesik | metin=46 char
  2046329630873747618 <- ana 2045587086695391351 | metin kesik | metin=454 char
  2045587086695391351 <- ana 2046329630873747618 | metin kesik | metin=461 char
  2038986156075872628 <- ana 2039050447420326027 | metin kesik | metin=50 char
  1875548019430658062 <- ana 1875571495164113292 | metin kesik | metin=802 char
Eksik kaldi — bir tur daha...

=== Alinti turu 3/6 ===
Bekleyen alinti: 7
Chrome CDP (port 9222)
Asama 2 tur 1: 7 alinti bekliyor...
  >> Alinti 2046329630873747618 — sadece ekonomikocu/status/2045587086695391351
  >> Baska hesap sayfasi acilmadi (Koç sayfasindaki metin kullanildi)
  >> Alinti 2045587086695391351 — sadece ekonomikocu/status/2046329630873747618
  >> Baska hesap sayfasi acilmadi (Koç sayfasindaki metin kullanildi)
  >> Alinti 2038986156075872628 — sadece ekonomikocu/status/2039050447420326027
  >> Baska hesap sayfasi acilmadi (Koç sayfasindaki metin kullanildi)
  >> Alinti 1875548019430658062 — sadece ekonomikocu/status/1875571495164113292
  >> Baska hesap sayfasi acilmadi (Koç sayfasindaki metin kullanildi)
  >> Bu turda ziyaret: 7 | kalan: 7
  >> Ilerleme yok — kalanlar isaretleniyor.
JSONL guncellendi: 6261 tweet
Hafiza: 6261 tweet | Ingilizce(kirli): 0 | Analiz bekliyor: 0
OK: C:\Users\idagu\OneDrive\Masaüstü\ekonomikocu\ekonomikocu_hafiza_v1.md
Koç dili guncellendi: 6224 public tweet
Dosya: C:\Users\idagu\OneDrive\Masaüstü\ekonomikocu\cekilen_tweetler.jsonl
Toplam satir: 6261 | alinti (is_quote): 109
EKSIK: 7 alinti — tekrar: ALINTI_TAMAMLA.bat
  2065017533371936987 <- ana None | metin kesik | metin=163 char
  2064023815873585325 <- ana None | metin kesik | metin=37 char
  2064023475178598410 <- ana None | metin kesik | metin=46 char
  2046329630873747618 <- ana 2045587086695391351 | metin kesik | metin=454 char
  2045587086695391351 <- ana 2046329630873747618 | metin kesik | metin=461 char
  2038986156075872628 <- ana 2039050447420326027 | metin kesik | metin=50 char
  1875548019430658062 <- ana 1875571495164113292 | metin kesik | metin=802 char
Eksik kaldi — bir tur daha...

=== Alinti turu 4/6 ===
Bekleyen alinti: 7
Chrome CDP (port 9222)
Asama 2 tur 1: 7 alinti bekliyor...
  >> Alinti 2046329630873747618 — sadece ekonomikocu/status/2045587086695391351
  >> Baska hesap sayfasi acilmadi (Koç sayfasindaki metin kullanildi)
  >> Alinti 2045587086695391351 — sadece ekonomikocu/status/2046329630873747618
  >> Baska hesap sayfasi acilmadi (Koç sayfasindaki metin kullanildi)
  >> Alinti 2038986156075872628 — sadece ekonomikocu/status/2039050447420326027
  >> Baska hesap sayfasi acilmadi (Koç sayfasindaki metin kullanildi)
  >> Alinti 1875548019430658062 — sadece ekonomikocu/status/1875571495164113292
  >> Baska hesap sayfasi acilmadi (Koç sayfasindaki metin kullanildi)
  >> Bu turda ziyaret: 7 | kalan: 7
  >> Ilerleme yok — kalanlar isaretleniyor.
JSONL guncellendi: 6261 tweet
Hafiza: 6261 tweet | Ingilizce(kirli): 0 | Analiz bekliyor: 0
OK: C:\Users\idagu\OneDrive\Masaüstü\ekonomikocu\ekonomikocu_hafiza_v1.md
Koç dili guncellendi: 6224 public tweet
Dosya: C:\Users\idagu\OneDrive\Masaüstü\ekonomikocu\cekilen_tweetler.jsonl
Toplam satir: 6261 | alinti (is_quote): 109
EKSIK: 7 alinti — tekrar: ALINTI_TAMAMLA.bat
  2065017533371936987 <- ana None | metin kesik | metin=163 char
  2064023815873585325 <- ana None | metin kesik | metin=37 char
  2064023475178598410 <- ana None | metin kesik | metin=46 char
  2046329630873747618 <- ana 2045587086695391351 | metin kesik | metin=454 char
  2045587086695391351 <- ana 2046329630873747618 | metin kesik | metin=461 char
  2038986156075872628 <- ana 2039050447420326027 | metin kesik | metin=50 char
  1875548019430658062 <- ana 1875571495164113292 | metin kesik | metin=802 char
Eksik kaldi — bir tur daha...

=== Alinti turu 5/6 ===
Bekleyen alinti: 7
Chrome CDP (port 9222)
Asama 2 tur 1: 7 alinti bekliyor...
  >> Alinti 2046329630873747618 — sadece ekonomikocu/status/2045587086695391351
  >> Baska hesap sayfasi acilmadi (Koç sayfasindaki metin kullanildi)
  >> Alinti 2045587086695391351 — sadece ekonomikocu/status/2046329630873747618
  >> Baska hesap sayfasi acilmadi (Koç sayfasindaki metin kullanildi)
  >> Alinti 2038986156075872628 — sadece ekonomikocu/status/2039050447420326027
  >> Baska hesap sayfasi acilmadi (Koç sayfasindaki metin kullanildi)
  >> Alinti 1875548019430658062 — sadece ekonomikocu/status/1875571495164113292
  >> Baska hesap sayfasi acilmadi (Koç sayfasindaki metin kullanildi)
  >> Bu turda ziyaret: 7 | kalan: 7
  >> Ilerleme yok — kalanlar isaretleniyor.
JSONL guncellendi: 6261 tweet
Hafiza: 6261 tweet | Ingilizce(kirli): 0 | Analiz bekliyor: 0
OK: C:\Users\idagu\OneDrive\Masaüstü\ekonomikocu\ekonomikocu_hafiza_v1.md
Koç dili guncellendi: 6224 public tweet
Dosya: C:\Users\idagu\OneDrive\Masaüstü\ekonomikocu\cekilen_tweetler.jsonl
Toplam satir: 6261 | alinti (is_quote): 109
EKSIK: 7 alinti — tekrar: ALINTI_TAMAMLA.bat
  2065017533371936987 <- ana None | metin kesik | metin=163 char
  2064023815873585325 <- ana None | metin kesik | metin=37 char
  2064023475178598410 <- ana None | metin kesik | metin=46 char
  2046329630873747618 <- ana 2045587086695391351 | metin kesik | metin=454 char
  2045587086695391351 <- ana 2046329630873747618 | metin kesik | metin=461 char
  2038986156075872628 <- ana 2039050447420326027 | metin kesik | metin=50 char
  1875548019430658062 <- ana 1875571495164113292 | metin kesik | metin=802 char
Eksik kaldi — bir tur daha...

=== Alinti turu 6/6 ===
Bekleyen alinti: 7
Chrome CDP (port 9222)
Asama 2 tur 1: 7 alinti bekliyor...
  >> Alinti 2046329630873747618 — sadece ekonomikocu/status/2045587086695391351
  >> Baska hesap sayfasi acilmadi (Koç sayfasindaki metin kullanildi)
  >> Alinti 2045587086695391351 — sadece ekonomikocu/status/2046329630873747618
  >> Baska hesap sayfasi acilmadi (Koç sayfasindaki metin kullanildi)
  >> Alinti 2038986156075872628 — sadece ekonomikocu/status/2039050447420326027
  >> Baska hesap sayfasi acilmadi (Koç sayfasindaki metin kullanildi)
  >> Alinti 1875548019430658062 — sadece ekonomikocu/status/1875571495164113292
  >> Baska hesap sayfasi acilmadi (Koç sayfasindaki metin kullanildi)
  >> Bu turda ziyaret: 7 | kalan: 7
  >> Ilerleme yok — kalanlar isaretleniyor.
JSONL guncellendi: 6261 tweet
Hafiza: 6261 tweet | Ingilizce(kirli): 0 | Analiz bekliyor: 0
OK: C:\Users\idagu\OneDrive\Masaüstü\ekonomikocu\ekonomikocu_hafiza_v1.md
Koç dili guncellendi: 6224 public tweet
Dosya: C:\Users\idagu\OneDrive\Masaüstü\ekonomikocu\cekilen_tweetler.jsonl
Toplam satir: 6261 | alinti (is_quote): 109
EKSIK: 7 alinti — tekrar: ALINTI_TAMAMLA.bat
  2065017533371936987 <- ana None | metin kesik | metin=163 char
  2064023815873585325 <- ana None | metin kesik | metin=37 char
  2064023475178598410 <- ana None | metin kesik | metin=46 char
  2046329630873747618 <- ana 2045587086695391351 | metin kesik | metin=454 char
  2045587086695391351 <- ana 2046329630873747618 | metin kesik | metin=461 char
  2038986156075872628 <- ana 2039050447420326027 | metin kesik | metin=50 char
  1875548019430658062 <- ana 1875571495164113292 | metin kesik | metin=802 char
Eksik kaldi — bir tur daha...
UYARI: max tur doldu; ALINTI_DOGRULA.bat ile kontrol et.
Dosya: C:\Users\idagu\OneDrive\Masaüstü\ekonomikocu\cekilen_tweetler.jsonl
Toplam satir: 6261 | alinti (is_quote): 109
EKSIK: 7 alinti — tekrar: ALINTI_TAMAMLA.bat
  2065017533371936987 <- ana None | metin kesik | metin=163 char
  2064023815873585325 <- ana None | metin kesik | metin=37 char
  2064023475178598410 <- ana None | metin kesik | metin=46 char
  2046329630873747618 <- ana 2045587086695391351 | metin kesik | metin=454 char
  2045587086695391351 <- ana 2046329630873747618 | metin kesik | metin=461 char
  2038986156075872628 <- ana 2039050447420326027 | metin kesik | metin=50 char
  1875548019430658062 <- ana 1875571495164113292 | metin kesik | metin=802 char
Dosya: C:\Users\idagu\OneDrive\Masaüstü\ekonomikocu\cekilen_tweetler.jsonl
Toplam satir: 6261 | alinti (is_quote): 109
EKSIK: 7 alinti — tekrar: ALINTI_TAMAMLA.bat
  2065017533371936987 <- ana None | metin kesik | metin=163 char
  2064023815873585325 <- ana None | metin kesik | metin=37 char
  2064023475178598410 <- ana None | metin kesik | metin=46 char
  2046329630873747618 <- ana 2045587086695391351 | metin kesik | metin=454 char
  2045587086695391351 <- ana 2046329630873747618 | metin kesik | metin=461 char
  2038986156075872628 <- ana 2039050447420326027 | metin kesik | metin=50 char
  1875548019430658062 <- ana 1875571495164113292 | metin kesik | metin=802 char

==================================================
GUNCEL TARAMA BITTI
  Yeni tweet : +14  (toplam 6261)
  Yeni alinti: +2  (toplam 109)
  Yeni flood : +0  (toplam 1846)
  En yeni kayit: 2026-06-23T23:13:37
==================================================
