[17:20:07] OK — aktif hesap @420cryptofarmer. Tarama serbest.
[tara_guvenli] hesap=@ekonomikocu | calistiriliyor: tara_guncel_yeni.py 
Hesap: @ekonomikocu | veri koku: C:\Users\ida\Desktop\ekonomikocu
En yeni kayit: 2026-08-26T14:16:20
Stop-before (buraya gelince dur): 23 Aðu
Baslangic: 7225 tweet | 146 alinti | 1863 flood-parca

Mevcut jsonl: 7225 tweet | alinTi tam: 133 | bekleyen alinti: 13
Senin Chrome'una baglandi (port 9222).
Profil acik — devam (ustte abone tweetleri normal).
Scroll 1/120: toplam 7225 tweet (+0 yeni) | ekranda: 4 | alinti: 146 | en eski: 2019-11-28 20:04:04
Scroll 2/120: toplam 7225 tweet (+0 yeni) | ekranda: 8 | alinti: 146 | en eski: 2019-11-28 20:04:04
Durduruldu (bu oturumda gorulen en eski 2026-08-17, hedef 2026-08-23, 2 scroll'dur yeni tweet yok)
Asama: #FLOOD thread parcalari...
  >> #FLOOD zaten JSON'dan toplanmis — atlandi: 2082792922164965564
Asama 2: alintilar (tek sekme, ekonomikocu/status)...
Asama 2 tur 1: 13 alinti bekliyor... (navigasyon 0/20)
  >> Alinti 2078976574091649435 — sadece ekonomikocu/status/2090929967219482743
  >> Baska hesap sayfasi acilmadi (Koç sayfasindaki metin kullanildi)
  >> Alinti 2077481208552849453 — sadece ekonomikocu/status/2090901704841515062
  >> Baska hesap sayfasi acilmadi (Koç sayfasindaki metin kullanildi)
  >> Alinti 2076065170099417470 — sadece ekonomikocu/status/2076084781654188345
  >> Baska hesap sayfasi acilmadi (Koç sayfasindaki metin kullanildi)
  >> Alinti 2071744148168684011 — sadece ekonomikocu/status/2071895381311369285
  >> Baska hesap sayfasi acilmadi (Koç sayfasindaki metin kullanildi)
  >> Alinti 2070540087239250088 — sadece ekonomikocu/status/2070626864171819077
  >> Baska hesap sayfasi acilmadi (Koç sayfasindaki metin kullanildi)
  >> Alinti 2046329630873747618 — sadece ekonomikocu/status/2045587086695391351
  >> Baska hesap sayfasi acilmadi (Koç sayfasindaki metin kullanildi)
  >> Alinti 2045587086695391351 — sadece ekonomikocu/status/2046329630873747618
  >> Baska hesap sayfasi acilmadi (Koç sayfasindaki metin kullanildi)
  >> Alinti 2038986156075872628 — sadece ekonomikocu/status/2039050447420326027
  >> Baska hesap sayfasi acilmadi (Koç sayfasindaki metin kullanildi)
  >> Alinti 1875571495164113292 — sadece ekonomikocu/status/1875548019430658062
  >> Baska hesap sayfasi acilmadi (Koç sayfasindaki metin kullanildi)
  >> Alinti 1875548019430658062 — sadece ekonomikocu/status/1875571495164113292
  >> Baska hesap sayfasi acilmadi (Koç sayfasindaki metin kullanildi)
  >> Bu turda ziyaret: 13 | kalan: 13
  >> Ilerleme yok — kalanlar isaretleniyor.
Asama: eksik grafikler (medya/)...
  >> DISKE YAZILDI: 7225 tweet -> cekilen_tweetler.jsonl

=== ASIL DOSYA: C:\Users\ida\Desktop\ekonomikocu\cekilen_tweetler.jsonl ===
Toplam: 7225 | Ingilizce(kirli): 0
Hafiza atlandi (--skip-hafiza). JSONL kaydedildi.

=== Alinti turu 1/1 ===
Bekleyen alinti: 13
Chrome CDP (port 9222)
Asama 2 tur 1: 13 alinti bekliyor... (navigasyon 0/20)
  >> Alinti 2078976574091649435 — sadece ekonomikocu/status/2090929967219482743
  >> Baska hesap sayfasi acilmadi (Koç sayfasindaki metin kullanildi)
  >> Alinti 2077481208552849453 — sadece ekonomikocu/status/2090901704841515062
  >> Baska hesap sayfasi acilmadi (Koç sayfasindaki metin kullanildi)
  >> Alinti 2076065170099417470 — sadece ekonomikocu/status/2076084781654188345
  >> Baska hesap sayfasi acilmadi (Koç sayfasindaki metin kullanildi)
  >> Alinti 2071744148168684011 — sadece ekonomikocu/status/2071895381311369285
  >> Baska hesap sayfasi acilmadi (Koç sayfasindaki metin kullanildi)
  >> Alinti 2070540087239250088 — sadece ekonomikocu/status/2070626864171819077
  >> Baska hesap sayfasi acilmadi (Koç sayfasindaki metin kullanildi)
  >> Alinti 2046329630873747618 — sadece ekonomikocu/status/2045587086695391351
  >> Baska hesap sayfasi acilmadi (Koç sayfasindaki metin kullanildi)
  >> Alinti 2045587086695391351 — sadece ekonomikocu/status/2046329630873747618
  >> Baska hesap sayfasi acilmadi (Koç sayfasindaki metin kullanildi)
  >> Alinti 2038986156075872628 — sadece ekonomikocu/status/2039050447420326027
  >> Baska hesap sayfasi acilmadi (Koç sayfasindaki metin kullanildi)
  >> Alinti 1875571495164113292 — sadece ekonomikocu/status/1875548019430658062
  >> Baska hesap sayfasi acilmadi (Koç sayfasindaki metin kullanildi)
  >> Alinti 1875548019430658062 — sadece ekonomikocu/status/1875571495164113292
  >> Baska hesap sayfasi acilmadi (Koç sayfasindaki metin kullanildi)
  >> Bu turda ziyaret: 13 | kalan: 13
  >> Ilerleme yok — kalanlar isaretleniyor.
JSONL guncellendi: 7225 tweet
Hafiza: 7225 tweet | Ingilizce(kirli): 0 | Analiz bekliyor: 0
OK: C:\Users\ida\Desktop\ekonomikocu\ekonomikocu_hafiza_v1.md
Koç dili guncellendi: 7187 public tweet
Dosya: C:\Users\ida\Desktop\ekonomikocu\cekilen_tweetler.jsonl
Toplam satir: 7225 | alinti (is_quote): 146
EKSIK: 13 alinti — tekrar: ALINTI_TAMAMLA.bat
  2078976574091649435 <- ana 2090929967219482743 | metin kesik | metin=199 char
  2077481208552849453 <- ana 2090901704841515062 | metin kesik | metin=174 char
  2076065170099417470 <- ana 2076084781654188345 | metin kesik | metin=87 char
  2071744148168684011 <- ana 2071895381311369285 | metin kesik | metin=766 char
  2070540087239250088 <- ana 2070626864171819077 | metin kesik | metin=123 char
  2065017533371936987 <- ana None | metin kesik | metin=163 char
  2064023815873585325 <- ana None | metin kesik | metin=37 char
  2064023475178598410 <- ana None | metin kesik | metin=46 char
  2046329630873747618 <- ana 2045587086695391351 | metin kesik | metin=454 char
  2045587086695391351 <- ana 2046329630873747618 | metin kesik | metin=461 char
  2038986156075872628 <- ana 2039050447420326027 | metin kesik | metin=50 char
  1875571495164113292 <- ana 1875548019430658062 | metin kesik | metin=802 char
  1875548019430658062 <- ana 1875571495164113292 | metin kesik | metin=802 char
Eksik kaldi — bir tur daha...
UYARI: max tur doldu; ALINTI_DOGRULA.bat ile kontrol et.
Dosya: C:\Users\ida\Desktop\ekonomikocu\cekilen_tweetler.jsonl
Toplam satir: 7225 | alinti (is_quote): 146
EKSIK: 13 alinti — tekrar: ALINTI_TAMAMLA.bat
  2078976574091649435 <- ana 2090929967219482743 | metin kesik | metin=199 char
  2077481208552849453 <- ana 2090901704841515062 | metin kesik | metin=174 char
  2076065170099417470 <- ana 2076084781654188345 | metin kesik | metin=87 char
  2071744148168684011 <- ana 2071895381311369285 | metin kesik | metin=766 char
  2070540087239250088 <- ana 2070626864171819077 | metin kesik | metin=123 char
  2065017533371936987 <- ana None | metin kesik | metin=163 char
  2064023815873585325 <- ana None | metin kesik | metin=37 char
  2064023475178598410 <- ana None | metin kesik | metin=46 char
  2046329630873747618 <- ana 2045587086695391351 | metin kesik | metin=454 char
  2045587086695391351 <- ana 2046329630873747618 | metin kesik | metin=461 char
  2038986156075872628 <- ana 2039050447420326027 | metin kesik | metin=50 char
  1875571495164113292 <- ana 1875548019430658062 | metin kesik | metin=802 char
  1875548019430658062 <- ana 1875571495164113292 | metin kesik | metin=802 char
Dosya: C:\Users\ida\Desktop\ekonomikocu\cekilen_tweetler.jsonl
Toplam satir: 7225 | alinti (is_quote): 146
EKSIK: 13 alinti — tekrar: ALINTI_TAMAMLA.bat
  2078976574091649435 <- ana 2090929967219482743 | metin kesik | metin=199 char
  2077481208552849453 <- ana 2090901704841515062 | metin kesik | metin=174 char
  2076065170099417470 <- ana 2076084781654188345 | metin kesik | metin=87 char
  2071744148168684011 <- ana 2071895381311369285 | metin kesik | metin=766 char
  2070540087239250088 <- ana 2070626864171819077 | metin kesik | metin=123 char
  2065017533371936987 <- ana None | metin kesik | metin=163 char
  2064023815873585325 <- ana None | metin kesik | metin=37 char
  2064023475178598410 <- ana None | metin kesik | metin=46 char
  2046329630873747618 <- ana 2045587086695391351 | metin kesik | metin=454 char
  2045587086695391351 <- ana 2046329630873747618 | metin kesik | metin=461 char
  2038986156075872628 <- ana 2039050447420326027 | metin kesik | metin=50 char
  1875571495164113292 <- ana 1875548019430658062 | metin kesik | metin=802 char
  1875548019430658062 <- ana 1875571495164113292 | metin kesik | metin=802 char

==================================================
GUNCEL TARAMA BITTI
  Yeni tweet : +0  (toplam 7225)
  Yeni alinti: +0  (toplam 146)
  Yeni flood : +0  (toplam 1863)
  En yeni kayit: 2026-08-26T14:16:20
==================================================
Koç dili guncellendi: 7187 public tweet
Analiz: 7225 | izleniyor: 958 | alinti-onceden: 65 | alinti-sonradan: 1
Guncellendi: ekonomikocu_hafiza_v1.md, cekilen_tweetler.jsonl
Indirilecek eksik gorsel yok.
