[18:27:37] OK — aktif hesap @420cryptofarmer. Tarama serbest.
[tara_guvenli] hesap=@iriscibre | calistiriliyor: tara_guncel_yeni.py --days 3
Hesap: @iriscibre | veri koku: C:\Users\ida\Desktop\ekonomikocu\iriscibre
[iriscibre] --days -> tarih sinirli arama modu: 2026-08-23 -> 2026-08-27
En yeni kayit: 2026-08-24T23:03:15
DONEM MODU: 2026-08-23 -> 2026-08-27 (4 gunluk pencereler, ara soguma 300 sn)
Baslangic: 223 tweet | 27 alinti | 12 flood-parca


--- Pencere 1/1: 2026-08-23 -> 2026-08-27 ---
Mevcut jsonl: 223 tweet | alinTi tam: 25 | bekleyen alinti: 2
Senin Chrome'una baglandi (port 9222).
Ekonomikocu sekmesi yok — profil aciliyor (tek sekme).
  >> Son sekme kapatilmadi (Chrome olmesin) — about:blank'e cekildi.
Arama modu (tek sekme): https://x.com/search?q=from%3Airiscibre%20since%3A2026-08-23%20until%3A2026-08-27&src=typed_query&f=live
  >> Geri alindi (explore): https://x.com/explore
Akis bekleniyor (1/25)...
  >> Geri alindi (explore): https://x.com/explore
  >> Geri alindi (explore): https://x.com/explore
  >> Geri alindi (explore): https://x.com/explore
Akis bekleniyor (4/25)...
  >> Geri alindi (explore): https://x.com/explore
  >> Geri alindi (explore): https://x.com/explore
  >> Geri alindi (explore): https://x.com/explore
  >> Geri alindi (explore): https://x.com/explore
Akis bekleniyor (8/25)...
  >> Geri alindi (explore): https://x.com/explore
  >> Geri alindi (explore): https://x.com/explore
  >> Geri alindi (explore): https://x.com/explore
  >> Geri alindi (explore): https://x.com/explore
Akis bekleniyor (12/25)...
  >> Geri alindi (explore): https://x.com/explore
  >> Geri alindi (explore): https://x.com/explore
  >> Geri alindi (explore): https://x.com/explore
  >> Geri alindi (explore): https://x.com/explore
Akis bekleniyor (16/25)...
  >> Geri alindi (explore): https://x.com/explore
  >> Geri alindi (explore): https://x.com/explore
  >> Geri alindi (explore): https://x.com/explore
  >> Geri alindi (explore): https://x.com/explore
Akis bekleniyor (20/25)...
  >> Geri alindi (explore): https://x.com/explore
  >> Geri alindi (explore): https://x.com/explore
  >> Geri alindi (explore): https://x.com/explore
  >> Geri alindi (explore): https://x.com/explore
Akis bekleniyor (24/25)...
  >> Geri alindi (explore): https://x.com/explore
  >> Geri alindi (explore): https://x.com/explore
UYARI: Akis gecikiyor — ayni sekmede yenileniyor...
Akis yenileniyor (tek sekme, sadece ekonomikocu)...
  >> Geri alindi (explore): https://x.com/explore
  >> Geri alindi (explore): https://x.com/explore
Scroll 1/100: toplam 223 tweet (+0 yeni) | ekranda: 0 | alinti: 27 | en eski: 2025-06-19 14:34:27
  >> Geri alindi (explore): https://x.com/explore
  >> Geri alindi (explore): https://x.com/explore
Scroll 2/100: toplam 223 tweet (+0 yeni) | ekranda: 0 | alinti: 27 | en eski: 2025-06-19 14:34:27
  >> Geri alindi (explore): https://x.com/explore
Scroll 3/100: toplam 223 tweet (+0 yeni) | ekranda: 0 | alinti: 27 | en eski: 2025-06-19 14:34:27
  >> DISKE YAZILDI: 223 tweet -> cekilen_tweetler.jsonl
  >> Geri alindi (explore): https://x.com/explore
  >> Ekranda 0 tweet — splash/akis kurtarma...
  >> X takildi (splash) — arama akisina donuluyor...
  >> Splash devam — profil sert yenileme...
Akis bekleniyor (1/8)...
Akis bekleniyor (4/8)...
Akis bekleniyor (8/8)...
  >> Kurtarma sonrasi ekranda: 0 tweet
  >> Geri alindi (explore): https://x.com/explore
  >> Geri alindi (explore): https://x.com/explore
Scroll 5/100: toplam 223 tweet (+0 yeni) | ekranda: 0 | alinti: 27 | en eski: 2025-06-19 14:34:27
  >> Geri alindi (explore): https://x.com/explore
  >> Geri alindi (explore): https://x.com/explore
Scroll 6/100: toplam 223 tweet (+0 yeni) | ekranda: 0 | alinti: 27 | en eski: 2025-06-19 14:34:27
  >> DISKE YAZILDI: 223 tweet -> cekilen_tweetler.jsonl
Donem aramasi bos — profil kaydirma (sadece bu ay)...
Profil donem modu: 2026-08-23 — 2026-08-27 (max 200 scroll)
Akis bekleniyor (1/15)...
Akis bekleniyor (4/15)...
Akis hazir (6 tweet ekranda).
  Donem profil 1/200: +0 toplam | ekranda donem: 0 | en eski: None | en yeni: None
  Donem profil 2/200: +0 toplam | ekranda donem: 0 | en eski: None | en yeni: None
  Donem profil 3/200: +0 toplam | ekranda donem: 0 | en eski: None | en yeni: None
  Donem profil 4/200: +0 toplam | ekranda donem: 0 | en eski: None | en yeni: None
  Donem profil 5/200: +0 toplam | ekranda donem: 0 | en eski: None | en yeni: None
  Donem profil 6/200: +0 toplam | ekranda donem: 0 | en eski: None | en yeni: None
  Donem profil 7/200: +0 toplam | ekranda donem: 0 | en eski: None | en yeni: None
  Donem profil 8/200: +0 toplam | ekranda donem: 0 | en eski: None | en yeni: None
  Donem profil 9/200: +0 toplam | ekranda donem: 0 | en eski: None | en yeni: None
  >> Ekran 8 turdur ayni — kurtarma (backoff + yenile + derin kaydirma)...
  >> RATE-LIMIT backoff: 60 sn bekleniyor (donem-profil)...
  >> X takildi (splash) — profil akisina donuluyor...
  >> Splash devam — profil sert yenileme...
Akis bekleniyor (1/8)...
Akis bekleniyor (4/8)...
Akis bekleniyor (8/8)...
  >> Kurtarma sonrasi ekranda: 0 tweet
