[17:45:06] OK — aktif hesap @420cryptofarmer. Tarama serbest.
[tara_guvenli] hesap=@ekonomikocu | calistiriliyor: tara_guncel_yeni.py --since 2026-08-26 --until 2026-08-27
Hesap: @ekonomikocu | veri koku: C:\Users\ida\Desktop\ekonomikocu
En yeni kayit: 2026-08-26T17:31:49
DONEM MODU: 2026-08-26 -> 2026-08-27 (4 gunluk pencereler, ara soguma 300 sn)
Baslangic: 7228 tweet | 146 alinti | 1863 flood-parca


--- Pencere 1/1: 2026-08-26 -> 2026-08-27 ---
Mevcut jsonl: 7228 tweet | alinTi tam: 133 | bekleyen alinti: 13
Senin Chrome'una baglandi (port 9222).
Arama modu (tek sekme): https://x.com/search?q=from%3Aekonomikocu%20since%3A2026-08-26%20until%3A2026-08-27&src=typed_query&f=live
  >> Geri alindi (explore): https://x.com/explore
Akis bekleniyor (1/25)...
  >> Geri alindi (explore): https://x.com/explore
  >> Geri alindi (explore): https://x.com/explore
  >> Geri alindi (explore): https://x.com/explore
Akis bekleniyor (4/25)...
  >> Geri alindi (explore): https://x.com/explore
  >> Geri alindi (explore): https://x.com/explore
  >> Geri alindi (explore): https://x.com/explore
  >> Geri alindi (explore): https://x.com/explore
Akis bekleniyor (8/25)...
  >> Geri alindi (explore): https://x.com/explore
  >> Geri alindi (explore): https://x.com/explore
  >> Geri alindi (explore): https://x.com/explore
  >> Geri alindi (explore): https://x.com/explore
Akis bekleniyor (12/25)...
  >> Geri alindi (explore): https://x.com/explore
  >> Geri alindi (explore): https://x.com/explore
  >> Geri alindi (explore): https://x.com/explore
  >> Geri alindi (explore): https://x.com/explore
Akis bekleniyor (16/25)...
  >> Geri alindi (explore): https://x.com/explore
  >> Geri alindi (explore): https://x.com/explore
  >> Geri alindi (explore): https://x.com/explore
  >> Geri alindi (explore): https://x.com/explore
Akis bekleniyor (20/25)...
  >> Geri alindi (explore): https://x.com/explore
  >> Geri alindi (explore): https://x.com/explore
  >> Geri alindi (explore): https://x.com/explore
  >> Geri alindi (explore): https://x.com/explore
Akis bekleniyor (24/25)...
  >> Geri alindi (explore): https://x.com/explore
  >> Geri alindi (explore): https://x.com/explore
UYARI: Akis gecikiyor — ayni sekmede yenileniyor...
Akis yenileniyor (tek sekme, sadece ekonomikocu)...
  >> Geri alindi (explore): https://x.com/explore
  >> Geri alindi (explore): https://x.com/explore
Scroll 1/100: toplam 7228 tweet (+0 yeni) | ekranda: 0 | alinti: 146 | en eski: 2019-11-28 20:04:04
  >> Geri alindi (explore): https://x.com/explore
Scroll 2/100: toplam 7228 tweet (+0 yeni) | ekranda: 0 | alinti: 146 | en eski: 2019-11-28 20:04:04
  >> Rate-limit izi (1/3) — kurtarma denenecek...
Akis yenileniyor (tek sekme, sadece ekonomikocu)...
  >> RATE-LIMIT backoff: 60 sn bekleniyor (akis-yenile)...
  >> Geri alindi (explore): https://x.com/explore
Akis yenileniyor (tek sekme, sadece ekonomikocu)...
Scroll 3/100: toplam 7228 tweet (+0 yeni) | ekranda: 0 | alinti: 146 | en eski: 2019-11-28 20:04:04
  >> DISKE YAZILDI: 7228 tweet -> cekilen_tweetler.jsonl
Akis yenileniyor (tek sekme, sadece ekonomikocu)...
  >> RATE-LIMIT backoff: 120 sn bekleniyor (akis-yenile)...
  >> Ekranda 0 tweet — splash/akis kurtarma...
  >> X takildi (splash) — profil akisina donuluyor...
  >> Splash devam — profil sert yenileme...
Akis bekleniyor (1/8)...
Akis bekleniyor (4/8)...
Akis bekleniyor (8/8)...
  >> Kurtarma sonrasi ekranda: 0 tweet
Akis yenileniyor (tek sekme, sadece ekonomikocu)...
  >> Geri alindi (explore): https://x.com/explore
  >> Premium/tuzak engellendi — geri: https://x.com/i/premium_sign_up
  >> Sayfa yenilendi — arama akisina donuluyor...
Scroll 6/100: toplam 7228 tweet (+0 yeni) | ekranda: 0 | alinti: 146 | en eski: 2019-11-28 20:04:04
  >> DISKE YAZILDI: 7228 tweet -> cekilen_tweetler.jsonl
Akis yenileniyor (tek sekme, sadece ekonomikocu)...
  >> RATE-LIMIT backoff: 240 sn bekleniyor (akis-yenile)...
  >> Geri alindi (explore): https://x.com/explore
  >> Premium/tuzak engellendi — geri: https://x.com/i/premium_sign_up
  >> Sayfa yenilendi — arama akisina donuluyor...
Scroll 8/100: toplam 7228 tweet (+0 yeni) | ekranda: 0 | alinti: 146 | en eski: 2019-11-28 20:04:04
Akis yenileniyor (tek sekme, sadece ekonomikocu)...
  >> RATE-LIMIT backoff: 480 sn bekleniyor (akis-yenile)...
