[18:38:42] OK — aktif hesap @420cryptofarmer. Tarama serbest.
[tara_guvenli] hesap=@iriscibre | calistiriliyor: tara_guncel_yeni.py --days 3
Hesap: @iriscibre | veri koku: C:\Users\ida\Desktop\ekonomikocu\iriscibre
[iriscibre] --days -> tarih sinirli arama modu: 2026-08-23 -> 2026-08-27
En yeni kayit: 2026-08-24T23:03:15
DONEM MODU: 2026-08-23 -> 2026-08-27 (4 gunluk pencereler, ara soguma 300 sn)
Baslangic: 223 tweet | 27 alinti | 12 flood-parca


--- Pencere 1/1: 2026-08-23 -> 2026-08-27 ---
Mevcut jsonl: 223 tweet | alinTi tam: 25 | bekleyen alinti: 2
Senin Chrome'una baglandi (port 9222).
Arama modu (tek sekme): https://x.com/search?q=from%3Airiscibre%20since%3A2026-08-23%20until%3A2026-08-27&src=typed_query&f=live
  >> Geri alindi (explore): https://x.com/explore
Akis bekleniyor (1/25)...
  >> Geri alindi (explore): https://x.com/explore
  >> Geri alindi (explore): https://x.com/explore
  >> Geri alindi (explore): https://x.com/explore
Akis bekleniyor (4/25)...
  >> Geri alindi (explore): https://x.com/explore
Akis bekleniyor (8/25)...
Akis bekleniyor (12/25)...
Akis bekleniyor (16/25)...
Akis bekleniyor (20/25)...
Akis bekleniyor (24/25)...
UYARI: Akis gecikiyor — ayni sekmede yenileniyor...
Akis yenileniyor (tek sekme, sadece ekonomikocu)...
Akis yenileniyor (tek sekme, sadece ekonomikocu)...
Scroll 1/100: toplam 223 tweet (+0 yeni) | ekranda: 0 | alinti: 27 | en eski: 2025-06-19 14:34:27 | X akis hatasi
Akis yenileniyor (tek sekme, sadece ekonomikocu)...
Akis yenileniyor (tek sekme, sadece ekonomikocu)...
Scroll 2/100: toplam 223 tweet (+0 yeni) | ekranda: 0 | alinti: 27 | en eski: 2025-06-19 14:34:27 | X akis hatasi
Akis yenileniyor (tek sekme, sadece ekonomikocu)...
Akis yenileniyor (tek sekme, sadece ekonomikocu)...
Scroll 3/100: toplam 223 tweet (+0 yeni) | ekranda: 0 | alinti: 27 | en eski: 2025-06-19 14:34:27 | X akis hatasi
  >> DISKE YAZILDI: 223 tweet -> cekilen_tweetler.jsonl
Akis yenileniyor (tek sekme, sadece ekonomikocu)...
Akis yenileniyor (tek sekme, sadece ekonomikocu)...
  >> Ekranda 0 tweet — splash/akis kurtarma...
  >> X takildi (splash) — profil akisina donuluyor...
  >> Splash devam — profil sert yenileme...
Akis bekleniyor (1/8)...
Akis bekleniyor (4/8)...
Akis bekleniyor (8/8)...
  >> Kurtarma sonrasi ekranda: 0 tweet
Akis yenileniyor (tek sekme, sadece ekonomikocu)...
Scroll 5/100: toplam 223 tweet (+0 yeni) | ekranda: 0 | alinti: 27 | en eski: 2025-06-19 14:34:27 | X akis hatasi
Akis yenileniyor (tek sekme, sadece ekonomikocu)...
Akis yenileniyor (tek sekme, sadece ekonomikocu)...
Scroll 6/100: toplam 223 tweet (+0 yeni) | ekranda: 0 | alinti: 27 | en eski: 2025-06-19 14:34:27 | X akis hatasi
  >> DISKE YAZILDI: 223 tweet -> cekilen_tweetler.jsonl
Akis yenileniyor (tek sekme, sadece ekonomikocu)...
Akis yenileniyor (tek sekme, sadece ekonomikocu)...
Scroll 7/100: toplam 223 tweet (+0 yeni) | ekranda: 0 | alinti: 27 | en eski: 2025-06-19 14:34:27 | X akis hatasi
Akis yenileniyor (tek sekme, sadece ekonomikocu)...
  >> Ekranda 0 tweet — splash/akis kurtarma...
  >> X takildi (splash) — profil akisina donuluyor...
  >> Splash devam — profil sert yenileme...
Akis bekleniyor (1/8)...
Akis bekleniyor (4/8)...
Akis bekleniyor (8/8)...
  >> Kurtarma sonrasi ekranda: 0 tweet
Scroll 9/100: toplam 223 tweet (+0 yeni) | ekranda: 0 | alinti: 27 | en eski: 2025-06-19 14:34:27
  >> DISKE YAZILDI: 223 tweet -> cekilen_tweetler.jsonl
Scroll 10/100: toplam 223 tweet (+0 yeni) | ekranda: 0 | alinti: 27 | en eski: 2025-06-19 14:34:27
Akis yenileniyor (tek sekme, sadece ekonomikocu)...
  >> RATE-LIMIT backoff: 60 sn bekleniyor (akis-yenile)...
  >> Ana sayfa — akisa donuluyor: https://x.com/iriscibre
  >> Ana sayfa — akisa donuluyor: https://x.com/iriscibre
Scroll 11/100: toplam 223 tweet (+0 yeni) | ekranda: 0 | alinti: 27 | en eski: 2025-06-19 14:34:27
Akis yenileniyor (tek sekme, sadece ekonomikocu)...
  >> RATE-LIMIT backoff: 120 sn bekleniyor (akis-yenile)...
  >> Ana sayfa — akisa donuluyor: https://x.com/iriscibre
  >> Ekranda 0 tweet — splash/akis kurtarma...
