[17:30:32] OK — aktif hesap @420cryptofarmer. Tarama serbest.
[tara_guvenli] hesap=@ekonomikocu | calistiriliyor: tara_guncel_yeni.py 
Hesap: @ekonomikocu | veri koku: C:\Users\ida\Desktop\ekonomikocu
En yeni kayit: 2026-08-26T14:16:20
Stop-before (buraya gelince dur): 23 Aðu
Baslangic: 7225 tweet | 146 alinti | 1863 flood-parca

Mevcut jsonl: 7225 tweet | alinTi tam: 133 | bekleyen alinti: 13
Senin Chrome'una baglandi (port 9222).
Profil acik — devam (ustte abone tweetleri normal).
Scroll 1/120: toplam 7226 tweet (+1 yeni) | ekranda: 4 | alinti: 146 | en eski: 2019-11-28 20:04:04
Scroll 2/120: toplam 7226 tweet (+0 yeni) | ekranda: 5 | alinti: 146 | en eski: 2019-11-28 20:04:04
Durduruldu (bu oturumda gorulen en eski 2026-08-06, hedef 2026-08-23, 1 scroll'dur yeni tweet yok)
Asama: #FLOOD thread parcalari...
  >> #FLOOD zaten JSON'dan toplanmis — atlandi: 2082792922164965564
Asama 2: alintilar (tek sekme, ekonomikocu/status)...
Asama 2 tur 1: 13 alinti bekliyor... (navigasyon 0/20)
  >> Alinti 2078976574091649435 — sadece ekonomikocu/status/2090929967219482743
  >> Baska hesap sayfasi acilmadi (Koç sayfasindaki metin kullanildi)
  >> Alinti 2077481208552849453 — sadece ekonomikocu/status/2090901704841515062
  >> Baska hesap sayfasi acilmadi (Koç sayfasindaki metin kullanildi)
  >> Alinti 2076065170099417470 — sadece ekonomikocu/status/2076084781654188345
  >> Baska hesap sayfasi acilmadi (Koç sayfasindaki metin kullanildi)
  >> Alinti 2071744148168684011 — sadece ekonomikocu/status/2071895381311369285
  >> Baska hesap sayfasi acilmadi (Koç sayfasindaki metin kullanildi)
  >> Alinti 2070540087239250088 — sadece ekonomikocu/status/2070626864171819077
  >> Baska hesap sayfasi acilmadi (Koç sayfasindaki metin kullanildi)
  >> Alinti 2046329630873747618 — sadece ekonomikocu/status/2045587086695391351
  >> Baska hesap sayfasi acilmadi (Koç sayfasindaki metin kullanildi)
  >> Alinti 2045587086695391351 — sadece ekonomikocu/status/2046329630873747618
  >> Baska hesap sayfasi acilmadi (Koç sayfasindaki metin kullanildi)
  >> Alinti 2038986156075872628 — sadece ekonomikocu/status/2039050447420326027
  >> Baska hesap sayfasi acilmadi (Koç sayfasindaki metin kullanildi)
  >> Alinti 1875571495164113292 — sadece ekonomikocu/status/1875548019430658062
